Archive member included because of file (symbol)

../dsp_lib/libmath_cm4f.a(arm_dot_prod_q31.c.o)
                              build/obj/main.o (arm_dot_prod_q31)
/l/arm2/gcc-arm-none-eabi-4_9-2014q4/bin/../lib/gcc/arm-none-eabi/4.9.3/../../../../arm-none-eabi/lib/armv7e-m/fpu/libm.a(lib_a-s_floor.o)
                              build/obj/dtoa.o (floor)
/l/arm2/gcc-arm-none-eabi-4_9-2014q4/bin/../lib/gcc/arm-none-eabi/4.9.3/../../../../arm-none-eabi/lib/armv7e-m/fpu/libm.a(lib_a-s_fpclassify.o)
                              build/obj/dtoa.o (__fpclassifyd)
/l/arm2/gcc-arm-none-eabi-4_9-2014q4/bin/../lib/gcc/arm-none-eabi/4.9.3/../../../../arm-none-eabi/lib/armv7e-m/fpu/libm.a(lib_a-sf_fpclassify.o)
                              build/obj/dtoa.o (__fpclassifyf)
/l/arm2/gcc-arm-none-eabi-4_9-2014q4/bin/../lib/gcc/arm-none-eabi/4.9.3/../../../../arm-none-eabi/lib/armv7e-m/fpu/libm.a(lib_a-w_log10.o)
                              build/obj/dtoa.o (log10)
/l/arm2/gcc-arm-none-eabi-4_9-2014q4/bin/../lib/gcc/arm-none-eabi/4.9.3/../../../../arm-none-eabi/lib/armv7e-m/fpu/libm.a(lib_a-w_pow.o)
                              build/obj/dtoa.o (pow)
/l/arm2/gcc-arm-none-eabi-4_9-2014q4/bin/../lib/gcc/arm-none-eabi/4.9.3/../../../../arm-none-eabi/lib/armv7e-m/fpu/libm.a(lib_a-e_log10.o)
                              /l/arm2/gcc-arm-none-eabi-4_9-2014q4/bin/../lib/gcc/arm-none-eabi/4.9.3/../../../../arm-none-eabi/lib/armv7e-m/fpu/libm.a(lib_a-w_log10.o) (__ieee754_log10)
/l/arm2/gcc-arm-none-eabi-4_9-2014q4/bin/../lib/gcc/arm-none-eabi/4.9.3/../../../../arm-none-eabi/lib/armv7e-m/fpu/libm.a(lib_a-e_pow.o)
                              /l/arm2/gcc-arm-none-eabi-4_9-2014q4/bin/../lib/gcc/arm-none-eabi/4.9.3/../../../../arm-none-eabi/lib/armv7e-m/fpu/libm.a(lib_a-w_pow.o) (__ieee754_pow)
/l/arm2/gcc-arm-none-eabi-4_9-2014q4/bin/../lib/gcc/arm-none-eabi/4.9.3/../../../../arm-none-eabi/lib/armv7e-m/fpu/libm.a(lib_a-e_sqrt.o)
                              /l/arm2/gcc-arm-none-eabi-4_9-2014q4/bin/../lib/gcc/arm-none-eabi/4.9.3/../../../../arm-none-eabi/lib/armv7e-m/fpu/libm.a(lib_a-e_pow.o) (__ieee754_sqrt)
/l/arm2/gcc-arm-none-eabi-4_9-2014q4/bin/../lib/gcc/arm-none-eabi/4.9.3/../../../../arm-none-eabi/lib/armv7e-m/fpu/libm.a(lib_a-s_fabs.o)
                              /l/arm2/gcc-arm-none-eabi-4_9-2014q4/bin/../lib/gcc/arm-none-eabi/4.9.3/../../../../arm-none-eabi/lib/armv7e-m/fpu/libm.a(lib_a-e_pow.o) (fabs)
/l/arm2/gcc-arm-none-eabi-4_9-2014q4/bin/../lib/gcc/arm-none-eabi/4.9.3/../../../../arm-none-eabi/lib/armv7e-m/fpu/libm.a(lib_a-s_finite.o)
                              /l/arm2/gcc-arm-none-eabi-4_9-2014q4/bin/../lib/gcc/arm-none-eabi/4.9.3/../../../../arm-none-eabi/lib/armv7e-m/fpu/libm.a(lib_a-w_pow.o) (finite)
/l/arm2/gcc-arm-none-eabi-4_9-2014q4/bin/../lib/gcc/arm-none-eabi/4.9.3/../../../../arm-none-eabi/lib/armv7e-m/fpu/libm.a(lib_a-s_lib_ver.o)
                              /l/arm2/gcc-arm-none-eabi-4_9-2014q4/bin/../lib/gcc/arm-none-eabi/4.9.3/../../../../arm-none-eabi/lib/armv7e-m/fpu/libm.a(lib_a-w_log10.o) (__fdlib_version)
/l/arm2/gcc-arm-none-eabi-4_9-2014q4/bin/../lib/gcc/arm-none-eabi/4.9.3/../../../../arm-none-eabi/lib/armv7e-m/fpu/libm.a(lib_a-s_matherr.o)
                              /l/arm2/gcc-arm-none-eabi-4_9-2014q4/bin/../lib/gcc/arm-none-eabi/4.9.3/../../../../arm-none-eabi/lib/armv7e-m/fpu/libm.a(lib_a-w_log10.o) (matherr)
/l/arm2/gcc-arm-none-eabi-4_9-2014q4/bin/../lib/gcc/arm-none-eabi/4.9.3/../../../../arm-none-eabi/lib/armv7e-m/fpu/libm.a(lib_a-s_nan.o)
                              /l/arm2/gcc-arm-none-eabi-4_9-2014q4/bin/../lib/gcc/arm-none-eabi/4.9.3/../../../../arm-none-eabi/lib/armv7e-m/fpu/libm.a(lib_a-w_log10.o) (nan)
/l/arm2/gcc-arm-none-eabi-4_9-2014q4/bin/../lib/gcc/arm-none-eabi/4.9.3/../../../../arm-none-eabi/lib/armv7e-m/fpu/libm.a(lib_a-s_rint.o)
                              /l/arm2/gcc-arm-none-eabi-4_9-2014q4/bin/../lib/gcc/arm-none-eabi/4.9.3/../../../../arm-none-eabi/lib/armv7e-m/fpu/libm.a(lib_a-w_pow.o) (rint)
/l/arm2/gcc-arm-none-eabi-4_9-2014q4/bin/../lib/gcc/arm-none-eabi/4.9.3/../../../../arm-none-eabi/lib/armv7e-m/fpu/libm.a(lib_a-s_scalbn.o)
                              /l/arm2/gcc-arm-none-eabi-4_9-2014q4/bin/../lib/gcc/arm-none-eabi/4.9.3/../../../../arm-none-eabi/lib/armv7e-m/fpu/libm.a(lib_a-e_pow.o) (scalbn)
/l/arm2/gcc-arm-none-eabi-4_9-2014q4/bin/../lib/gcc/arm-none-eabi/4.9.3/../../../../arm-none-eabi/lib/armv7e-m/fpu/libm.a(lib_a-e_log.o)
                              /l/arm2/gcc-arm-none-eabi-4_9-2014q4/bin/../lib/gcc/arm-none-eabi/4.9.3/../../../../arm-none-eabi/lib/armv7e-m/fpu/libm.a(lib_a-e_log10.o) (__ieee754_log)
/l/arm2/gcc-arm-none-eabi-4_9-2014q4/bin/../lib/gcc/arm-none-eabi/4.9.3/../../../../arm-none-eabi/lib/armv7e-m/fpu/libm.a(lib_a-s_copysign.o)
                              /l/arm2/gcc-arm-none-eabi-4_9-2014q4/bin/../lib/gcc/arm-none-eabi/4.9.3/../../../../arm-none-eabi/lib/armv7e-m/fpu/libm.a(lib_a-s_scalbn.o) (copysign)
[...]
Memory Configuration

Name             Origin             Length             Attributes
flash            0x08000000         0x00040000
ram              0x20000000         0x0000a000
ccmram           0x10000000         0x00002000
*default*        0x00000000         0xffffffff

Linker script and memory map

LOAD build/obj/chcoreasm_v7m.o
LOAD build/obj/crt0.o
LOAD build/obj/vectors.o
LOAD build/obj/chcore.o
LOAD build/obj/chcore_v7m.o
LOAD build/obj/chsys.o
LOAD build/obj/chdebug.o
LOAD build/obj/chtm.o
LOAD build/obj/chstats.o
LOAD build/obj/chschd.o
LOAD build/obj/chvt.o
LOAD build/obj/chthreads.o
LOAD build/obj/chdynamic.o
LOAD build/obj/chregistry.o
LOAD build/obj/chsem.o
LOAD build/obj/chmtx.o
LOAD build/obj/chcond.o
LOAD build/obj/chevents.o
LOAD build/obj/chmsg.o
LOAD build/obj/chmboxes.o
LOAD build/obj/chqueues.o
LOAD build/obj/chmemcore.o
LOAD build/obj/chheap.o
LOAD build/obj/chmempools.o
LOAD build/obj/test.o
LOAD build/obj/testthd.o
LOAD build/obj/testsem.o
LOAD build/obj/testmtx.o
LOAD build/obj/testmsg.o
LOAD build/obj/testmbox.o
LOAD build/obj/testevt.o
LOAD build/obj/testheap.o
LOAD build/obj/testpools.o
LOAD build/obj/testdyn.o
LOAD build/obj/testqueues.o
LOAD build/obj/testbmk.o
LOAD build/obj/hal.o
LOAD build/obj/hal_queues.o
LOAD build/obj/hal_mmcsd.o
LOAD build/obj/adc.o
LOAD build/obj/can.o
LOAD build/obj/dac.o
LOAD build/obj/ext.o
LOAD build/obj/gpt.o
LOAD build/obj/i2c.o
LOAD build/obj/i2s.o
LOAD build/obj/icu.o
LOAD build/obj/mac.o
LOAD build/obj/mmc_spi.o
LOAD build/obj/pal.o
LOAD build/obj/pwm.o
LOAD build/obj/rtc.o
LOAD build/obj/sdc.o
LOAD build/obj/serial.o
LOAD build/obj/serial_usb.o
LOAD build/obj/spi.o
LOAD build/obj/st.o
LOAD build/obj/uart.o
LOAD build/obj/usb.o
LOAD build/obj/osal.o
LOAD build/obj/nvic.o
LOAD build/obj/stm32_dma.o
LOAD build/obj/hal_lld.o
LOAD build/obj/adc_lld.o
LOAD build/obj/ext_lld_isr.o
LOAD build/obj/can_lld.o
LOAD build/obj/ext_lld.o
LOAD build/obj/pal_lld.o
LOAD build/obj/i2c_lld.o
LOAD build/obj/rtc_lld.o
LOAD build/obj/spi_lld.o
LOAD build/obj/gpt_lld.o
LOAD build/obj/icu_lld.o
LOAD build/obj/pwm_lld.o
LOAD build/obj/st_lld.o
LOAD build/obj/serial_lld.o
LOAD build/obj/uart_lld.o
LOAD build/obj/usb_lld.o
LOAD build/obj/board.o
LOAD build/obj/drivers.o
LOAD build/obj/timcap_driver.o
LOAD build/obj/dac_driver.o
LOAD build/obj/iwdg_driver.o
LOAD build/obj/iuart_driver.o
LOAD build/obj/eicu_driver.o
LOAD build/obj/eeprom_driver.o
LOAD build/obj/24xx_driver.o
LOAD build/obj/25xx_driver.o
LOAD build/obj/iwdg_driver_lld.o
LOAD build/obj/timcap_driver_lld.o
LOAD build/obj/dac_driver_lld.o
LOAD build/obj/iuart_driver_lld.o
LOAD build/obj/eicu_driver_lld.o
LOAD build/obj/shell.o
LOAD build/obj/evtimer.o
LOAD build/obj/syscalls.o
LOAD build/obj/memstreams.o
LOAD build/obj/chprintf.o
LOAD build/obj/weights.o
LOAD build/obj/arb.o
LOAD build/obj/atoh.o
LOAD build/obj/dtoa.o
LOAD build/obj/NNet.o
LOAD build/obj/main.o
LOAD /tmp/cctiElZa.ltrans0.ltrans.o
LOAD /l/arm2/gcc-arm-none-eabi-4_9-2014q4/bin/../lib/gcc/arm-none-eabi/4.9.3/armv7e-m/fpu/libgcc.a
LOAD /l/arm2/gcc-arm-none-eabi-4_9-2014q4/bin/../lib/gcc/arm-none-eabi/4.9.3/../../../../arm-none-eabi/lib/armv7e-m/fpu/libg.a
LOAD /l/arm2/gcc-arm-none-eabi-4_9-2014q4/bin/../lib/gcc/arm-none-eabi/4.9.3/../../../../arm-none-eabi/lib/armv7e-m/fpu/libc.a
                0x20000000                __ram_start__ = ORIGIN (ram)
                0x0000a000                __ram_size__ = 0xa000
                0x2000a000                __ram_end__ = (__ram_start__ + __ram_size__)
                0x00000000                . = 0x0
                0x00000000                _text = .

startup         0x08000000      0x1a0
 *(vectors)
 vectors        0x08000000      0x1a0 build/obj/vectors.o
                0x08000000                _vectors

constructors    0x080001a0        0x0
                0x080001a0                PROVIDE (__init_array_start, .)
 *(SORT(.init_array.*))
 *(.init_array)
                0x080001a0                PROVIDE (__init_array_end, .)

destructors     0x080001a0        0x0
                0x080001a0                PROVIDE (__fini_array_start, .)
 *(.fini_array)
 *(SORT(.fini_array.*))
                0x080001a0                PROVIDE (__fini_array_end, .)

.text           0x080001a0     0x6ea4
 *(.text.startup.*)
 .text.startup.main
                0x080001a0      0x220 build/obj/main.o
                0x080001a0                main
 *(.text)
 .text          0x080003c0       0x2e build/obj/chcoreasm_v7m.o
                0x080003c0                _port_switch
                0x080003d8                _port_thread_start
                0x080003e6                _port_switch_from_isr
                0x080003ea                _port_exit_from_isr
 *fill*         0x080003ee        0x2 
 .text          0x080003f0      0x370 /l/arm2/gcc-arm-none-eabi-4_9-2014q4/bin/../lib/gcc/arm-none-eabi/4.9.3/armv7e-m/fpu/libgcc.a(_arm_addsubdf3.o)
                0x080003f0                __aeabi_drsub
                0x080003f8                __aeabi_dsub
                0x080003f8                __subdf3
                0x080003fc                __adddf3
                0x080003fc                __aeabi_dadd
                0x08000674                __aeabi_ui2d
                0x08000674                __floatunsidf
                0x08000694                __floatsidf
                0x08000694                __aeabi_i2d
                0x080006b8                __extendsfdf2
                0x080006b8                __aeabi_f2d
                0x080006f4                __aeabi_ul2d
                0x080006f4                __floatundidf
                0x08000704                __floatdidf
                0x08000704                __aeabi_l2d
 .text          0x08000760      0x424 /l/arm2/gcc-arm-none-eabi-4_9-2014q4/bin/../lib/gcc/arm-none-eabi/4.9.3/armv7e-m/fpu/libgcc.a(_arm_muldivdf3.o)
                0x08000760                __aeabi_dmul
                0x08000760                __muldf3
                0x080009b4                __aeabi_ddiv
                0x080009b4                __divdf3
 *fill*         0x08000b84        0xc 
 .text          0x08000b90      0x110 /l/arm2/gcc-arm-none-eabi-4_9-2014q4/bin/../lib/gcc/arm-none-eabi/4.9.3/armv7e-m/fpu/libgcc.a(_arm_cmpdf2.o)
                0x08000b90                __gtdf2
                0x08000b90                __gedf2
                0x08000b98                __ltdf2
                0x08000b98                __ledf2
                0x08000ba0                __cmpdf2
                0x08000ba0                __eqdf2
                0x08000ba0                __nedf2
                0x08000c1c                __aeabi_cdrcmple
                0x08000c2c                __aeabi_cdcmple
                0x08000c2c                __aeabi_cdcmpeq
                0x08000c3c                __aeabi_dcmpeq
                0x08000c50                __aeabi_dcmplt
                0x08000c64                __aeabi_dcmple
                0x08000c78                __aeabi_dcmpge
                0x08000c8c                __aeabi_dcmpgt
 .text          0x08000ca0       0x50 /l/arm2/gcc-arm-none-eabi-4_9-2014q4/bin/../lib/gcc/arm-none-eabi/4.9.3/armv7e-m/fpu/libgcc.a(_arm_fixdfsi.o)
                0x08000ca0                __fixdfsi
                0x08000ca0                __aeabi_d2iz
 .text          0x08000cf0       0xa0 /l/arm2/gcc-arm-none-eabi-4_9-2014q4/bin/../lib/gcc/arm-none-eabi/4.9.3/armv7e-m/fpu/libgcc.a(_arm_truncdfsf2.o)
                0x08000cf0                __aeabi_d2f
                0x08000cf0                __truncdfsf2
 *(.text.*)
 .text.__late_init
                0x08000d90       0x10 build/obj/crt0.o
                0x08000d90                __late_init
 .text._default_exit
                0x08000da0       0x10 build/obj/crt0.o
                0x08000da0                _default_exit
 .text.Reset_Handler
                0x08000db0      0x120 build/obj/crt0.o
                0x08000db0                Reset_Handler
 .text._unhandled_exception
                0x08000ed0       0x10 build/obj/vectors.o
                0x08000ed0                Vector58
                0x08000ed0                VectorE8
                0x08000ed0                Vector9C
                0x08000ed0                VectorAC
                0x08000ed0                DebugMon_Handler
                0x08000ed0                Vector5C
                0x08000ed0                Vector11C
                0x08000ed0                HardFault_Handler
                0x08000ed0                Vector19C
                0x08000ed0                Vector8C
                0x08000ed0                SysTick_Handler
                0x08000ed0                VectorDC
                0x08000ed0                PendSV_Handler
                0x08000ed0                NMI_Handler
                0x08000ed0                Vector110
                0x08000ed0                VectorC8
                0x08000ed0                Vector94
                0x08000ed0                VectorA8
                0x08000ed0                VectorB4
                0x08000ed0                Vector160
                0x08000ed0                UsageFault_Handler
                0x08000ed0                VectorEC
                0x08000ed0                Vector40
                0x08000ed0                VectorF8
                0x08000ed0                Vector108
                0x08000ed0                VectorBC
                0x08000ed0                Vector190
                0x08000ed0                Vector150
                0x08000ed0                Vector148
                0x08000ed0                Vector188
                0x08000ed0                Vector198
                0x08000ed0                Vector118
                0x08000ed0                Vector64
                0x08000ed0                VectorCC
                0x08000ed0                Vector54
                0x08000ed0                Vector98
                0x08000ed0                VectorD8
                0x08000ed0                Vector138
                0x08000ed0                Vector24
                0x08000ed0                Vector178
                0x08000ed0                VectorD0
                0x08000ed0                Vector140
                0x08000ed0                VectorE4
                0x08000ed0                VectorC0
                0x08000ed0                Vector158
                0x08000ed0                Vector134
                0x08000ed0                VectorF0
                0x08000ed0                Vector13C
                0x08000ed0                Vector100
                0x08000ed0                VectorE0
                0x08000ed0                VectorF4
                0x08000ed0                MemManage_Handler
                0x08000ed0                VectorA0
                0x08000ed0                VectorC4
                0x08000ed0                Vector180
                0x08000ed0                Vector90
                0x08000ed0                Vector114
                0x08000ed0                Vector164
                0x08000ed0                Vector60
                0x08000ed0                Vector1C
                0x08000ed0                Vector17C
                0x08000ed0                Vector48
                0x08000ed0                Vector4C
                0x08000ed0                Vector144
                0x08000ed0                Vector15C
                0x08000ed0                Vector68
                0x08000ed0                _unhandled_exception
                0x08000ed0                Vector170
                0x08000ed0                Vector104
                0x08000ed0                Vector184
                0x08000ed0                Vector10C
                0x08000ed0                Vector14C
                0x08000ed0                BusFault_Handler
                0x08000ed0                Vector50
                0x08000ed0                Vector194
                0x08000ed0                Vector154
                0x08000ed0                Vector44
                0x08000ed0                Vector28
                0x08000ed0                VectorB8
                0x08000ed0                VectorFC
                0x08000ed0                Vector34
                0x08000ed0                Vector20
                0x08000ed0                Vector18C
                0x08000ed0                Vector174
 .text.SVC_Handler
                0x08000ee0       0x20 build/obj/chcore_v7m.o
                0x08000ee0                SVC_Handler
 .text._port_irq_epilogue
                0x08000f00       0x60 build/obj/chcore_v7m.o
                0x08000f00                _port_irq_epilogue
 .text._idle_thread
                0x08000f60       0x20 build/obj/chsys.o
 .text.chSysInit
                0x08000f80       0xa0 build/obj/chsys.o
                0x08000f80                chSysInit
 .text.chSysTimerHandlerI
                0x08001020       0x80 build/obj/chsys.o
                0x08001020                chSysTimerHandlerI
 .text.chSysGetStatusAndLockX
                0x080010a0       0x20 build/obj/chsys.o
                0x080010a0                chSysGetStatusAndLockX
 .text.chSysRestoreStatusX
                0x080010c0       0x20 build/obj/chsys.o
                0x080010c0                chSysRestoreStatusX
 .text.chSysPolledDelayX
                0x080010e0       0x30 build/obj/chsys.o
                0x080010e0                chSysPolledDelayX
 .text.chTMStartMeasurementX
                0x08001110       0x10 build/obj/chtm.o
                0x08001110                chTMStartMeasurementX
 .text.chTMStopMeasurementX
                0x08001120       0x50 build/obj/chtm.o
                0x08001120                chTMStopMeasurementX
 .text._tm_init
                0x08001170       0x40 build/obj/chtm.o
                0x08001170                _tm_init
 .text.wakeup   0x080011b0       0x70 build/obj/chschd.o
 .text._scheduler_init
                0x08001220       0x20 build/obj/chschd.o
                0x08001220                _scheduler_init
 .text.chSchReadyI
                0x08001240       0x30 build/obj/chschd.o
                0x08001240                chSchReadyI
 .text.chSchGoSleepS
                0x08001270       0x30 build/obj/chschd.o
                0x08001270                chSchGoSleepS
 .text.chSchGoSleepTimeoutS
                0x080012a0       0x50 build/obj/chschd.o
                0x080012a0                chSchGoSleepTimeoutS
 .text.chSchWakeupS
                0x080012f0       0x60 build/obj/chschd.o
                0x080012f0                chSchWakeupS
 .text.chSchIsPreemptionRequired
                0x08001350       0x20 build/obj/chschd.o
                0x08001350                chSchIsPreemptionRequired
 .text.chSchDoRescheduleAhead
                0x08001370       0x40 build/obj/chschd.o
                0x08001370                chSchDoRescheduleAhead
 .text.chSchRescheduleS
                0x080013b0       0x20 build/obj/chschd.o
                0x080013b0                chSchRescheduleS
 .text.chSchDoReschedule
                0x080013d0       0x10 build/obj/chschd.o
                0x080013d0                chSchDoReschedule
 .text._vt_init
                0x080013e0       0x20 build/obj/chvt.o
                0x080013e0                _vt_init
 .text.chVTDoSetI
                0x08001400       0x70 build/obj/chvt.o
                0x08001400                chVTDoSetI
 .text.chVTDoResetI
                0x08001470       0x50 build/obj/chvt.o
                0x08001470                chVTDoResetI
 .text._thread_init
                0x080014c0       0x40 build/obj/chthreads.o
                0x080014c0                _thread_init
 .text.chThdCreateI
                0x08001500       0x70 build/obj/chthreads.o
                0x08001500                chThdCreateI
 .text.chThdCreateStatic
                0x08001570       0x80 build/obj/chthreads.o
                0x08001570                chThdCreateStatic
 .text.chThdSleep
                0x080015f0       0x20 build/obj/chthreads.o
                0x080015f0                chThdSleep
 .text.chThdExitS
                0x08001610       0x40 build/obj/chthreads.o
                0x08001610                chThdExitS
 .text.chThdExit
                0x08001650       0x10 build/obj/chthreads.o
                0x08001650                chThdExit
 .text.chThdWait
                0x08001660       0x40 build/obj/chthreads.o
                0x08001660                chThdWait
 .text.chThdResumeI
                0x080016a0       0x20 build/obj/chthreads.o
                0x080016a0                chThdResumeI
 .text.chThdEnqueueTimeoutS
                0x080016c0       0x30 build/obj/chthreads.o
                0x080016c0                chThdEnqueueTimeoutS
 .text.chThdDequeueNextI
                0x080016f0       0x20 build/obj/chthreads.o
                0x080016f0                chThdDequeueNextI
 .text.chThdDequeueAllI
                0x08001710       0x30 build/obj/chthreads.o
                0x08001710                chThdDequeueAllI
 .text.chThdRelease
                0x08001740       0x50 build/obj/chdynamic.o
                0x08001740                chThdRelease
 .text.chThdCreateFromHeap
                0x08001790       0x40 build/obj/chdynamic.o
                0x08001790                chThdCreateFromHeap
 .text.chMtxObjectInit
                0x080017d0       0x10 build/obj/chmtx.o
                0x080017d0                chMtxObjectInit
 .text.chMtxLockS
                0x080017e0       0xd0 build/obj/chmtx.o
                0x080017e0                chMtxLockS
 .text.chMtxLock
                0x080018b0       0x20 build/obj/chmtx.o
                0x080018b0                chMtxLock
 .text.chMtxUnlock
                0x080018d0       0x60 build/obj/chmtx.o
                0x080018d0                chMtxUnlock
 .text.chEvtRegisterMaskWithFlags
                0x08001930       0x30 build/obj/chevents.o
                0x08001930                chEvtRegisterMaskWithFlags
 .text.chEvtSignalI
                0x08001960       0x30 build/obj/chevents.o
                0x08001960                chEvtSignalI
 .text.chEvtBroadcastFlagsI
                0x08001990       0x30 build/obj/chevents.o
                0x08001990                chEvtBroadcastFlagsI
 .text.chEvtDispatch
                0x080019c0       0x40 build/obj/chevents.o
                0x080019c0                chEvtDispatch
 .text.chEvtWaitOne
                0x08001a00       0x40 build/obj/chevents.o
                0x08001a00                chEvtWaitOne
 .text.chIQObjectInit
                0x08001a40       0x20 build/obj/chqueues.o
                0x08001a40                chIQObjectInit
 .text.chIQPutI
                0x08001a60       0x40 build/obj/chqueues.o
                0x08001a60                chIQPutI
 .text.chIQGetTimeout
                0x08001aa0       0x50 build/obj/chqueues.o
                0x08001aa0                chIQGetTimeout
 .text.chIQReadTimeout
                0x08001af0       0x80 build/obj/chqueues.o
                0x08001af0                chIQReadTimeout
 .text.chOQObjectInit
                0x08001b70       0x20 build/obj/chqueues.o
                0x08001b70                chOQObjectInit
 .text.chOQPutTimeout
                0x08001b90       0x50 build/obj/chqueues.o
                0x08001b90                chOQPutTimeout
 .text.chOQGetI
                0x08001be0       0x40 build/obj/chqueues.o
                0x08001be0                chOQGetI
 .text.chOQWriteTimeout
                0x08001c20       0x90 build/obj/chqueues.o
                0x08001c20                chOQWriteTimeout
 .text._core_init
                0x08001cb0       0x30 build/obj/chmemcore.o
                0x08001cb0                _core_init
 .text.chCoreAlloc
                0x08001ce0       0x40 build/obj/chmemcore.o
                0x08001ce0                chCoreAlloc
 .text._heap_init
                0x08001d20       0x20 build/obj/chheap.o
                0x08001d20                _heap_init
 .text.chHeapAlloc
                0x08001d40       0x90 build/obj/chheap.o
                0x08001d40                chHeapAlloc
 .text.chHeapFree
                0x08001dd0       0xa0 build/obj/chheap.o
                0x08001dd0                chHeapFree
 .text.chPoolFree
                0x08001e70       0x20 build/obj/chmempools.o
                0x08001e70                chPoolFree
 .text.halInit  0x08001e90       0x30 build/obj/hal.o
                0x08001e90                halInit
 .text.adcInit  0x08001ec0       0x10 build/obj/adc.o
                0x08001ec0                adcInit
 .text.adcObjectInit
                0x08001ed0       0x20 build/obj/adc.o
                0x08001ed0                adcObjectInit
 .text.adcStart
                0x08001ef0       0x20 build/obj/adc.o
                0x08001ef0                adcStart
 .text.adcStartConversion
                0x08001f10       0x20 build/obj/adc.o
                0x08001f10                adcStartConversion
 .text.gptInit  0x08001f30       0x10 build/obj/gpt.o
                0x08001f30                gptInit
 .text.gptObjectInit
                0x08001f40       0x10 build/obj/gpt.o
                0x08001f40                gptObjectInit
 .text.gptStart
                0x08001f50       0x20 build/obj/gpt.o
                0x08001f50                gptStart
 .text.gptStartContinuous
                0x08001f70       0x20 build/obj/gpt.o
                0x08001f70                gptStartContinuous
 .text.readt    0x08001f90       0x10 build/obj/serial.o
 .text.read     0x08001fa0       0x10 build/obj/serial.o
 .text.writet   0x08001fb0       0x10 build/obj/serial.o
 .text.write    0x08001fc0       0x10 build/obj/serial.o
 .text.gett     0x08001fd0       0x10 build/obj/serial.o
 .text.get      0x08001fe0       0x10 build/obj/serial.o
 .text.putt     0x08001ff0       0x10 build/obj/serial.o
 .text.put      0x08002000       0x10 build/obj/serial.o
 .text.sdInit   0x08002010       0x10 build/obj/serial.o
                0x08002010                sdInit
 .text.sdObjectInit
                0x08002020       0x40 build/obj/serial.o
                0x08002020                sdObjectInit
 .text.sdStart  0x08002060       0x20 build/obj/serial.o
                0x08002060                sdStart
 .text.sdIncomingDataI
                0x08002080       0x40 build/obj/serial.o
                0x08002080                sdIncomingDataI
 .text.sduInit  0x080020c0       0x10 build/obj/serial_usb.o
                0x080020c0                sduInit
 .text.stInit   0x080020d0       0x10 build/obj/st.o
                0x080020d0                stInit
 .text.stStartAlarm
                0x080020e0       0x10 build/obj/st.o
                0x080020e0                stStartAlarm
 .text.stStopAlarm
                0x080020f0       0x10 build/obj/st.o
                0x080020f0                stStopAlarm
 .text.stSetAlarm
                0x08002100       0x10 build/obj/st.o
                0x08002100                stSetAlarm
 .text.set_address
                0x08002110       0x30 build/obj/usb.o
 .text.usbInit  0x08002140       0x10 build/obj/usb.o
                0x08002140                usbInit
 .text.usbObjectInit
                0x08002150       0x30 build/obj/usb.o
                0x08002150                usbObjectInit
 .text.usbStartReceiveI
                0x08002180       0x30 build/obj/usb.o
                0x08002180                usbStartReceiveI
 .text.usbStartTransmitI
                0x080021b0       0x30 build/obj/usb.o
                0x080021b0                usbStartTransmitI
 .text._usb_reset
                0x080021e0       0x40 build/obj/usb.o
                0x080021e0                _usb_reset
 .text._usb_ep0setup
                0x08002220      0x330 build/obj/usb.o
                0x08002220                _usb_ep0setup
 .text._usb_ep0in
                0x08002550       0xc0 build/obj/usb.o
                0x08002550                _usb_ep0in
 .text._usb_ep0out
                0x08002610       0x80 build/obj/usb.o
                0x08002610                _usb_ep0out
 .text.nvicEnableVector
                0x08002690       0x40 build/obj/nvic.o
                0x08002690                nvicEnableVector
 .text.Vector6C
                0x080026d0       0x30 build/obj/stm32_dma.o
                0x080026d0                Vector6C
 .text.Vector70
                0x08002700       0x30 build/obj/stm32_dma.o
                0x08002700                Vector70
 .text.Vector74
                0x08002730       0x30 build/obj/stm32_dma.o
                0x08002730                Vector74
 .text.Vector78
                0x08002760       0x30 build/obj/stm32_dma.o
                0x08002760                Vector78
 .text.Vector7C
                0x08002790       0x30 build/obj/stm32_dma.o
                0x08002790                Vector7C
 .text.Vector80
                0x080027c0       0x30 build/obj/stm32_dma.o
                0x080027c0                Vector80
 .text.Vector84
                0x080027f0       0x30 build/obj/stm32_dma.o
                0x080027f0                Vector84
 .text.Vector120
                0x08002820       0x30 build/obj/stm32_dma.o
                0x08002820                Vector120
 .text.Vector124
                0x08002850       0x30 build/obj/stm32_dma.o
                0x08002850                Vector124
 .text.Vector128
                0x08002880       0x30 build/obj/stm32_dma.o
                0x08002880                Vector128
 .text.Vector12C
                0x080028b0       0x30 build/obj/stm32_dma.o
                0x080028b0                Vector12C
 .text.Vector130
                0x080028e0       0x30 build/obj/stm32_dma.o
                0x080028e0                Vector130
 .text.dmaInit  0x08002910       0x50 build/obj/stm32_dma.o
                0x08002910                dmaInit
 .text.dmaStreamAllocate
                0x08002960       0x80 build/obj/stm32_dma.o
                0x08002960                dmaStreamAllocate
 .text.hal_lld_init
                0x080029e0       0x80 build/obj/hal_lld.o
                0x080029e0                hal_lld_init
 .text.stm32_clock_init
                0x08002a60       0xa0 build/obj/hal_lld.o
                0x08002a60                stm32_clock_init
 .text.adc_lld_init
                0x08002b00       0x40 build/obj/adc_lld.o
                0x08002b00                adc_lld_init
 .text.adc_lld_start
                0x08002b40       0x80 build/obj/adc_lld.o
                0x08002b40                adc_lld_start
 .text.adc_lld_start_conversion
                0x08002bc0       0xb0 build/obj/adc_lld.o
                0x08002bc0                adc_lld_start_conversion
 .text.adc_lld_stop_conversion
                0x08002c70       0x40 build/obj/adc_lld.o
                0x08002c70                adc_lld_stop_conversion
 .text.adc_lld_serve_dma_interrupt
                0x08002cb0       0xd0 build/obj/adc_lld.o
 .text.Vector88
                0x08002d80      0x140 build/obj/adc_lld.o
                0x08002d80                Vector88
 .text._pal_lld_init
                0x08002ec0      0x100 build/obj/pal_lld.o
                0x08002ec0                _pal_lld_init
 .text._pal_lld_setgroupmode
                0x08002fc0       0xb0 build/obj/pal_lld.o
                0x08002fc0                _pal_lld_setgroupmode
 .text.VectorA4
                0x08003070       0x40 build/obj/gpt_lld.o
                0x08003070                VectorA4
 .text.gpt_lld_init
                0x080030b0       0x20 build/obj/gpt_lld.o
                0x080030b0                gpt_lld_init
 .text.gpt_lld_start
                0x080030d0       0x70 build/obj/gpt_lld.o
                0x080030d0                gpt_lld_start
 .text.gpt_lld_start_timer
                0x08003140       0x30 build/obj/gpt_lld.o
                0x08003140                gpt_lld_start_timer
 .text.VectorB0
                0x08003170       0x20 build/obj/st_lld.o
                0x08003170                VectorB0
 .text.st_lld_init
                0x08003190       0x40 build/obj/st_lld.o
                0x08003190                st_lld_init
 .text.notify1  0x080031d0       0x10 build/obj/serial_lld.o
 .text.VectorD4
                0x080031e0      0x100 build/obj/serial_lld.o
                0x080031e0                VectorD4
 .text.sd_lld_init
                0x080032e0       0x30 build/obj/serial_lld.o
                0x080032e0                sd_lld_init
 .text.sd_lld_start
                0x08003310       0x70 build/obj/serial_lld.o
                0x08003310                sd_lld_start
 .text.usb_packet_write_from_queue
                0x08003380       0x90 build/obj/usb_lld.o
 .text.Vector168
                0x08003410       0x10 build/obj/usb_lld.o
                0x08003410                Vector168
 .text.Vector16C
                0x08003420      0x370 build/obj/usb_lld.o
                0x08003420                Vector16C
 .text.usb_lld_init
                0x08003790       0x10 build/obj/usb_lld.o
                0x08003790                usb_lld_init
 .text.usb_lld_set_address
                0x080037a0       0x20 build/obj/usb_lld.o
                0x080037a0                usb_lld_set_address
 .text.usb_lld_init_endpoint
                0x080037c0       0xe0 build/obj/usb_lld.o
                0x080037c0                usb_lld_init_endpoint
 .text.usb_lld_reset
                0x080038a0       0x50 build/obj/usb_lld.o
                0x080038a0                usb_lld_reset
 .text.usb_lld_get_status_out
                0x080038f0       0x20 build/obj/usb_lld.o
                0x080038f0                usb_lld_get_status_out
 .text.usb_lld_get_status_in
                0x08003910       0x20 build/obj/usb_lld.o
                0x08003910                usb_lld_get_status_in
 .text.usb_lld_read_setup
                0x08003930       0x40 build/obj/usb_lld.o
                0x08003930                usb_lld_read_setup
 .text.usb_lld_prepare_receive
                0x08003970       0x20 build/obj/usb_lld.o
                0x08003970                usb_lld_prepare_receive
 .text.usb_lld_prepare_transmit
                0x08003990       0x80 build/obj/usb_lld.o
                0x08003990                usb_lld_prepare_transmit
 .text.usb_lld_start_out
                0x08003a10       0x30 build/obj/usb_lld.o
                0x08003a10                usb_lld_start_out
 .text.usb_lld_start_in
                0x08003a40       0x30 build/obj/usb_lld.o
                0x08003a40                usb_lld_start_in
 .text.usb_lld_stall_out
                0x08003a70       0x30 build/obj/usb_lld.o
                0x08003a70                usb_lld_stall_out
 .text.usb_lld_stall_in
                0x08003aa0       0x30 build/obj/usb_lld.o
                0x08003aa0                usb_lld_stall_in
 .text.usb_lld_clear_out
                0x08003ad0       0x30 build/obj/usb_lld.o
                0x08003ad0                usb_lld_clear_out
 .text.usb_lld_clear_in
                0x08003b00       0x30 build/obj/usb_lld.o
                0x08003b00                usb_lld_clear_in
 .text.__early_init
                0x08003b30       0x10 build/obj/board.o
                0x08003b30                __early_init
 .text.boardInit
                0x08003b40       0x10 build/obj/board.o
                0x08003b40                boardInit
 .text.driversInit
                0x08003b50       0x10 build/obj/drivers.o
                0x08003b50                driversInit
 .text.dacInit  0x08003b60       0x10 build/obj/dac_driver.o
                0x08003b60                dacInit
 .text.dacObjectInit
                0x08003b70       0x10 build/obj/dac_driver.o
                0x08003b70                dacObjectInit
 .text.dacStart
                0x08003b80       0x20 build/obj/dac_driver.o
                0x08003b80                dacStart
 .text.dacConvertOne
                0x08003ba0       0x20 build/obj/dac_driver.o
                0x08003ba0                dacConvertOne
 .text.dac_lld_init
                0x08003bc0       0x60 build/obj/dac_driver_lld.o
                0x08003bc0                dac_lld_init
 .text.dac_lld_start
                0x08003c20       0x30 build/obj/dac_driver_lld.o
                0x08003c20                dac_lld_start
 .text.dac_lld_single_convert
                0x08003c50       0xc0 build/obj/dac_driver_lld.o
                0x08003c50                dac_lld_single_convert
 .text.chprintf
                0x08003d10       0x20 build/obj/shell.o
 .text.cmd_systime
                0x08003d30       0x30 build/obj/shell.o
 .text.cmd_info
                0x08003d60       0xc0 build/obj/shell.o
 .text._strtok.constprop.2
                0x08003e20       0x40 build/obj/shell.o
 .text.shellInit
                0x08003e60       0x10 build/obj/shell.o
                0x08003e60                shellInit
 .text.shellExit
                0x08003e70       0x20 build/obj/shell.o
                0x08003e70                shellExit
 .text.shellCreate
                0x08003e90       0x20 build/obj/shell.o
                0x08003e90                shellCreate
 .text.shellGetLine
                0x08003eb0       0xa0 build/obj/shell.o
                0x08003eb0                shellGetLine
 .text.shell_thread
                0x08003f50      0x1a0 build/obj/shell.o
 .text.long_to_string_with_divisor.constprop.0
                0x080040f0       0x50 build/obj/chprintf.o
 .text.chvprintf
                0x08004140      0x310 build/obj/chprintf.o
                0x08004140                chvprintf
 .text.atoh     0x08004450       0x60 build/obj/atoh.o
                0x08004450                atoh
 .text.convFloat
                0x080044b0      0x2d0 build/obj/dtoa.o
                0x080044b0                convFloat
 .text.EvaluateNet
                0x08004780      0x110 build/obj/NNet.o
                0x08004780                EvaluateNet
 .text.counterThread
                0x08004890       0x30 build/obj/main.o
 .text.chprintf
                0x080048c0       0x20 build/obj/main.o
 .text.termination_handler
                0x080048e0       0x50 build/obj/main.o
 .text.cmd_myecho
                0x08004930       0x30 build/obj/main.o
 .text.cmd_collect
                0x08004960       0xa0 build/obj/main.o
 .text.cmd_sample
                0x08004a00       0x60 build/obj/main.o
 .text.cmd_testweights
                0x08004a60       0x90 build/obj/main.o
 .text.gpt_adc_trigger
                0x08004af0       0xa0 build/obj/main.o
 .text.cmd_dac  0x08004b90       0x70 build/obj/main.o
 .text.arm_dot_prod_q31
                0x08004c00      0x140 /tmp/cctiElZa.ltrans0.ltrans.o
                0x08004c00                arm_dot_prod_q31
 .text.floor    0x08004d40      0x120 /l/arm2/gcc-arm-none-eabi-4_9-2014q4/bin/../lib/gcc/arm-none-eabi/4.9.3/../../../../arm-none-eabi/lib/armv7e-m/fpu/libm.a(lib_a-s_floor.o)
                0x08004d40                floor
 .text.__fpclassifyd
                0x08004e60       0x5c /l/arm2/gcc-arm-none-eabi-4_9-2014q4/bin/../lib/gcc/arm-none-eabi/4.9.3/../../../../arm-none-eabi/lib/armv7e-m/fpu/libm.a(lib_a-s_fpclassify.o)
                0x08004e60                __fpclassifyd
 *fill*         0x08004ebc        0x4 
 .text.__fpclassifyf
                0x08004ec0       0x38 /l/arm2/gcc-arm-none-eabi-4_9-2014q4/bin/../lib/gcc/arm-none-eabi/4.9.3/../../../../arm-none-eabi/lib/armv7e-m/fpu/libm.a(lib_a-sf_fpclassify.o)
                0x08004ec0                __fpclassifyf
 *fill*         0x08004ef8        0x8 
 .text.log10    0x08004f00      0x110 /l/arm2/gcc-arm-none-eabi-4_9-2014q4/bin/../lib/gcc/arm-none-eabi/4.9.3/../../../../arm-none-eabi/lib/armv7e-m/fpu/libm.a(lib_a-w_log10.o)
                0x08004f00                log10
 .text.pow      0x08005010      0x340 /l/arm2/gcc-arm-none-eabi-4_9-2014q4/bin/../lib/gcc/arm-none-eabi/4.9.3/../../../../arm-none-eabi/lib/armv7e-m/fpu/libm.a(lib_a-w_pow.o)
                0x08005010                pow
 .text.__ieee754_log10
                0x08005350      0x138 /l/arm2/gcc-arm-none-eabi-4_9-2014q4/bin/../lib/gcc/arm-none-eabi/4.9.3/../../../../arm-none-eabi/lib/armv7e-m/fpu/libm.a(lib_a-e_log10.o)
                0x08005350                __ieee754_log10
 *fill*         0x08005488        0x8 
 .text.__ieee754_pow
                0x08005490      0xae0 /l/arm2/gcc-arm-none-eabi-4_9-2014q4/bin/../lib/gcc/arm-none-eabi/4.9.3/../../../../arm-none-eabi/lib/armv7e-m/fpu/libm.a(lib_a-e_pow.o)
                0x08005490                __ieee754_pow
 .text.__ieee754_sqrt
                0x08005f70      0x1a8 /l/arm2/gcc-arm-none-eabi-4_9-2014q4/bin/../lib/gcc/arm-none-eabi/4.9.3/../../../../arm-none-eabi/lib/armv7e-m/fpu/libm.a(lib_a-e_sqrt.o)
                0x08005f70                __ieee754_sqrt
 *fill*         0x08006118        0x8 
 .text.fabs     0x08006120       0x10 /l/arm2/gcc-arm-none-eabi-4_9-2014q4/bin/../lib/gcc/arm-none-eabi/4.9.3/../../../../arm-none-eabi/lib/armv7e-m/fpu/libm.a(lib_a-s_fabs.o)
                0x08006120                fabs
 .text.finite   0x08006130       0x10 /l/arm2/gcc-arm-none-eabi-4_9-2014q4/bin/../lib/gcc/arm-none-eabi/4.9.3/../../../../arm-none-eabi/lib/armv7e-m/fpu/libm.a(lib_a-s_finite.o)
                0x08006130                finite
 .text.matherr  0x08006140        0x4 /l/arm2/gcc-arm-none-eabi-4_9-2014q4/bin/../lib/gcc/arm-none-eabi/4.9.3/../../../../arm-none-eabi/lib/armv7e-m/fpu/libm.a(lib_a-s_matherr.o)
                0x08006140                matherr
 *fill*         0x08006144        0xc 
 .text.nan      0x08006150       0x10 /l/arm2/gcc-arm-none-eabi-4_9-2014q4/bin/../lib/gcc/arm-none-eabi/4.9.3/../../../../arm-none-eabi/lib/armv7e-m/fpu/libm.a(lib_a-s_nan.o)
                0x08006150                nan
 .text.rint     0x08006160      0x124 /l/arm2/gcc-arm-none-eabi-4_9-2014q4/bin/../lib/gcc/arm-none-eabi/4.9.3/../../../../arm-none-eabi/lib/armv7e-m/fpu/libm.a(lib_a-s_rint.o)
                0x08006160                rint
 *fill*         0x08006284        0xc 
 .text.scalbn   0x08006290      0x108 /l/arm2/gcc-arm-none-eabi-4_9-2014q4/bin/../lib/gcc/arm-none-eabi/4.9.3/../../../../arm-none-eabi/lib/armv7e-m/fpu/libm.a(lib_a-s_scalbn.o)
                0x08006290                scalbn
 *fill*         0x08006398        0x8 
 .text.__ieee754_log
                0x080063a0      0x400 /l/arm2/gcc-arm-none-eabi-4_9-2014q4/bin/../lib/gcc/arm-none-eabi/4.9.3/../../../../arm-none-eabi/lib/armv7e-m/fpu/libm.a(lib_a-e_log.o)
                0x080063a0                __ieee754_log
 .text.copysign
                0x080067a0       0x1c /l/arm2/gcc-arm-none-eabi-4_9-2014q4/bin/../lib/gcc/arm-none-eabi/4.9.3/../../../../arm-none-eabi/lib/armv7e-m/fpu/libm.a(lib_a-s_copysign.o)
                0x080067a0                copysign
 *fill*         0x080067bc        0x4 
 .text.__errno  0x080067c0        0xc /l/arm2/gcc-arm-none-eabi-4_9-2014q4/bin/../lib/gcc/arm-none-eabi/4.9.3/../../../../arm-none-eabi/lib/armv7e-m/fpu/libg.a(lib_a-errno.o)
                0x080067c0                __errno
 *fill*         0x080067cc        0x4 
 .text.strcasecmp
                0x080067d0       0x44 /l/arm2/gcc-arm-none-eabi-4_9-2014q4/bin/../lib/gcc/arm-none-eabi/4.9.3/../../../../arm-none-eabi/lib/armv7e-m/fpu/libg.a(lib_a-strcasecmp.o)
                0x080067d0                strcasecmp
 *fill*         0x08006814        0xc 
 .text.strpbrk  0x08006820       0x48 /l/arm2/gcc-arm-none-eabi-4_9-2014q4/bin/../lib/gcc/arm-none-eabi/4.9.3/../../../../arm-none-eabi/lib/armv7e-m/fpu/libg.a(lib_a-strpbrk.o)
                0x08006820                strpbrk
 *fill*         0x08006868        0x8 
 .text.strspn   0x08006870       0x34 /l/arm2/gcc-arm-none-eabi-4_9-2014q4/bin/../lib/gcc/arm-none-eabi/4.9.3/../../../../arm-none-eabi/lib/armv7e-m/fpu/libg.a(lib_a-strspn.o)
                0x08006870                strspn
 *(.rodata)
 *(.rodata.*)
 *fill*         0x080068a4        0xc 
 .rodata.str1.4
                0x080068b0        0x5 build/obj/chsys.o
                                  0x8 (size before relaxing)
 *fill*         0x080068b5        0xb 
 .rodata.ch_debug
                0x080068c0       0x18 build/obj/chregistry.o
                0x080068c0                ch_debug
 *fill*         0x080068d8        0x8 
 .rodata.vmt    0x080068e0       0x20 build/obj/serial.o
 .rodata.zero_status
                0x08006900        0x4 build/obj/usb.o
 *fill*         0x08006904        0xc 
 .rodata.active_status
                0x08006910        0x4 build/obj/usb.o
 *fill*         0x08006914        0xc 
 .rodata.halted_status
                0x08006920        0x4 build/obj/usb.o
 *fill*         0x08006924        0xc 
 .rodata._stm32_dma_streams
                0x08006930       0x90 build/obj/stm32_dma.o
                0x08006930                _stm32_dma_streams
 .rodata.default_config
                0x080069c0       0x10 build/obj/serial_lld.o
 .rodata.ep0config
                0x080069d0       0x24 build/obj/usb_lld.o
 *fill*         0x080069f4        0xc 
 .rodata.CSWTCH.32
                0x08006a00        0x8 build/obj/usb_lld.o
 *fill*         0x08006a08        0x8 
 .rodata.pal_default_config
                0x08006a10       0xa8 build/obj/board.o
                0x08006a10                pal_default_config
 *fill*         0x08006ab8        0x8 
 .rodata.str1.4
                0x08006ac0      0x235 build/obj/shell.o
                                0x23c (size before relaxing)
 *fill*         0x08006cf5        0xb 
 .rodata.str1.4
                0x08006d00        0x7 build/obj/chprintf.o
                                  0x8 (size before relaxing)
 *fill*         0x08006d07        0x9 
 .rodata.str1.4
                0x08006d10        0x8 build/obj/dtoa.o
                                  0xc (size before relaxing)
 *fill*         0x08006d18        0x8 
 .rodata.daccfg1
                0x08006d20        0x8 build/obj/main.o
 *fill*         0x08006d28        0x8 
 .rodata.commands
                0x08006d30       0x30 build/obj/main.o
 .rodata.str1.4
                0x08006d60      0x130 build/obj/main.o
                                0x134 (size before relaxing)
 .rodata.adcgrpcfg
                0x08006e90       0x30 build/obj/main.o
 .rodata.shell_cfg1
                0x08006ec0        0x8 build/obj/main.o
 *fill*         0x08006ec8        0x8 
 .rodata.str1.4
                0x08006ed0        0x6 /l/arm2/gcc-arm-none-eabi-4_9-2014q4/bin/../lib/gcc/arm-none-eabi/4.9.3/../../../../arm-none-eabi/lib/armv7e-m/fpu/libm.a(lib_a-w_log10.o)
                                  0xc (size before relaxing)
 *fill*         0x08006ed6        0xa 
 .rodata.str1.4
                0x08006ee0        0x4 /l/arm2/gcc-arm-none-eabi-4_9-2014q4/bin/../lib/gcc/arm-none-eabi/4.9.3/../../../../arm-none-eabi/lib/armv7e-m/fpu/libm.a(lib_a-w_pow.o)
 *fill*         0x08006ee4        0xc 
 .rodata.dp_h   0x08006ef0       0x10 /l/arm2/gcc-arm-none-eabi-4_9-2014q4/bin/../lib/gcc/arm-none-eabi/4.9.3/../../../../arm-none-eabi/lib/armv7e-m/fpu/libm.a(lib_a-e_pow.o)
 .rodata.dp_l   0x08006f00       0x10 /l/arm2/gcc-arm-none-eabi-4_9-2014q4/bin/../lib/gcc/arm-none-eabi/4.9.3/../../../../arm-none-eabi/lib/armv7e-m/fpu/libm.a(lib_a-e_pow.o)
 .rodata.bp     0x08006f10       0x10 /l/arm2/gcc-arm-none-eabi-4_9-2014q4/bin/../lib/gcc/arm-none-eabi/4.9.3/../../../../arm-none-eabi/lib/armv7e-m/fpu/libm.a(lib_a-e_pow.o)
 .rodata.str1.4
                0x00000000        0x4 /l/arm2/gcc-arm-none-eabi-4_9-2014q4/bin/../lib/gcc/arm-none-eabi/4.9.3/../../../../arm-none-eabi/lib/armv7e-m/fpu/libm.a(lib_a-e_pow.o)
 .rodata.TWO52  0x08006f20       0x10 /l/arm2/gcc-arm-none-eabi-4_9-2014q4/bin/../lib/gcc/arm-none-eabi/4.9.3/../../../../arm-none-eabi/lib/armv7e-m/fpu/libm.a(lib_a-s_rint.o)
 .rodata.str1.4
                0x08006f30        0x4 /l/arm2/gcc-arm-none-eabi-4_9-2014q4/bin/../lib/gcc/arm-none-eabi/4.9.3/../../../../arm-none-eabi/lib/armv7e-m/fpu/libg.a(lib_a-impure.o)
 *fill*         0x08006f34        0xc 
 .rodata._ctype_
                0x08006f40      0x104 /l/arm2/gcc-arm-none-eabi-4_9-2014q4/bin/../lib/gcc/arm-none-eabi/4.9.3/../../../../arm-none-eabi/lib/armv7e-m/fpu/libg.a(lib_a-ctype_.o)
                0x08006f40                _ctype_
 *(.glue_7t)
 .glue_7t       0x00000000        0x0 linker stubs
 *(.glue_7)
 .glue_7        0x00000000        0x0 linker stubs
 *(.gcc*)

.vfp11_veneer   0x08007044        0x0
 .vfp11_veneer  0x00000000        0x0 linker stubs

.v4_bx          0x08007044        0x0
 .v4_bx         0x00000000        0x0 linker stubs

.iplt           0x08007044        0x0
 .iplt          0x00000000        0x0 build/obj/chcoreasm_v7m.o

.rel.dyn        0x08007044        0x0
 .rel.iplt      0x00000000        0x0 build/obj/chcoreasm_v7m.o

.ARM.extab
 *(.ARM.extab* .gnu.linkonce.armextab.*)

.ARM.exidx      0x08007044        0x0
                0x08007044                PROVIDE (__exidx_start, .)
 *(.ARM.exidx* .gnu.linkonce.armexidx.*)
                0x08007044                PROVIDE (__exidx_end, .)

.eh_frame_hdr
 *(.eh_frame_hdr)

.eh_frame
 *(.eh_frame)

.textalign      0x08007044        0x4
                0x08007048                . = ALIGN (0x8)
 *fill*         0x08007044        0x4 
                0x08007048                . = ALIGN (0x4)
                0x08007048                _etext = .
                0x08007048                _textdata = _etext

.stacks         0x20000000      0x800
                0x20000000                . = ALIGN (0x8)
                0x20000000                __main_stack_base__ = .
                0x20000400                . = (. + __main_stack_size__)
 *fill*         0x20000000      0x400 
                0x20000400                . = ALIGN (0x8)
                0x20000400                __main_stack_end__ = .
                0x20000400                __process_stack_base__ = .
                0x20000400                __main_thread_stack_base__ = .
                0x20000800                . = (. + __process_stack_size__)
 *fill*         0x20000400      0x400 
                0x20000800                . = ALIGN (0x8)
                0x20000800                __process_stack_end__ = .
                0x20000800                __main_thread_stack_end__ = .

.data           0x20000800      0x6f0 load address 0x08007048
                0x20000800                . = ALIGN (0x4)
                0x20000800                PROVIDE (_data, .)
 *(.data)
 *(.data.*)
 .data.local_commands
                0x20000800       0x18 build/obj/shell.o
 .data.weights_ih
                0x20000818      0x200 build/obj/weights.o
                0x20000818                weights_ih
 .data.weights_ho
                0x20000a18       0x10 build/obj/weights.o
                0x20000a18                weights_ho
 .data.nntest_data_sampled
                0x20000a28       0x80 build/obj/arb.o
                0x20000a28                nntest_data_sampled
 .data.fhandlers
                0x20000aa8        0x4 build/obj/main.o
 .data.gpt_adc_config
                0x20000aac       0x10 build/obj/main.o
 .data.__fdlib_version
                0x20000abc        0x1 /l/arm2/gcc-arm-none-eabi-4_9-2014q4/bin/../lib/gcc/arm-none-eabi/4.9.3/../../../../arm-none-eabi/lib/armv7e-m/fpu/libm.a(lib_a-s_lib_ver.o)
                0x20000abc                __fdlib_version
 *fill*         0x20000abd        0x3 
 .data.impure_data
                0x20000ac0      0x428 /l/arm2/gcc-arm-none-eabi-4_9-2014q4/bin/../lib/gcc/arm-none-eabi/4.9.3/../../../../arm-none-eabi/lib/armv7e-m/fpu/libg.a(lib_a-impure.o)
 .data._impure_ptr
                0x20000ee8        0x4 /l/arm2/gcc-arm-none-eabi-4_9-2014q4/bin/../lib/gcc/arm-none-eabi/4.9.3/../../../../arm-none-eabi/lib/armv7e-m/fpu/libg.a(lib_a-impure.o)
                0x20000ee8                _impure_ptr
 .data.__ctype_ptr__
                0x20000eec        0x4 /l/arm2/gcc-arm-none-eabi-4_9-2014q4/bin/../lib/gcc/arm-none-eabi/4.9.3/../../../../arm-none-eabi/lib/armv7e-m/fpu/libg.a(lib_a-ctype_.o)
                0x20000eec                __ctype_ptr__
 *(.ramtext)
                0x20000ef0                . = ALIGN (0x4)
                0x20000ef0                PROVIDE (_edata, .)

.igot.plt       0x20000ef0        0x0 load address 0x08007738
 .igot.plt      0x00000000        0x0 build/obj/chcoreasm_v7m.o

.bss            0x20000ef0      0x740
                0x20000ef0                . = ALIGN (0x4)
                0x20000ef0                PROVIDE (_bss_start, .)
 *(.bss)
 *(.bss.*)
 .bss.ch        0x20000ef0      0x1d8 build/obj/chschd.o
                0x20000ef0                ch
 .bss.endmem    0x200010c8        0x4 build/obj/chmemcore.o
 .bss.nextmem   0x200010cc        0x4 build/obj/chmemcore.o
 .bss.default_heap
                0x200010d0       0x20 build/obj/chheap.o
 .bss.dma_isr_redir
                0x200010f0       0x60 build/obj/stm32_dma.o
 .bss.dma_streams_mask
                0x20001150        0x4 build/obj/stm32_dma.o
 .bss.ADCD1     0x20001154       0x38 build/obj/adc_lld.o
                0x20001154                ADCD1
 .bss.GPTD1     0x2000118c       0x10 build/obj/gpt_lld.o
                0x2000118c                GPTD1
 .bss.SD1       0x2000119c       0x7c build/obj/serial_lld.o
                0x2000119c                SD1
 .bss.USBD1     0x20001218       0x84 build/obj/usb_lld.o
                0x20001218                USBD1
 .bss.ep0_state
                0x2000129c       0x14 build/obj/usb_lld.o
 .bss.ep0setup_buffer
                0x200012b0        0x8 build/obj/usb_lld.o
 .bss.DACD1     0x200012b8       0x40 build/obj/dac_driver_lld.o
                0x200012b8                DACD1
 .bss.DACD2     0x200012f8       0x40 build/obj/dac_driver_lld.o
                0x200012f8                DACD2
 .bss.shell_terminated
                0x20001338        0x4 build/obj/shell.o
                0x20001338                shell_terminated
 .bss.hiddens   0x2000133c       0x10 build/obj/NNet.o
                0x2000133c                hiddens
 .bss.inputs    0x2000134c       0x80 build/obj/NNet.o
                0x2000134c                inputs
 .bss.outputs   0x200013cc        0x4 build/obj/NNet.o
                0x200013cc                outputs
 .bss.waCounterThread
                0x200013d0      0x1d0 build/obj/main.o
 .bss.start_collection
                0x200015a0        0x4 build/obj/main.o
                0x200015a0                start_collection
 .bss.adccfg    0x200015a4        0x4 build/obj/main.o
 .bss.collection_buf
                0x200015a8       0x80 build/obj/main.o
                0x200015a8                collection_buf
 .bss.samples_buf
                0x20001628        0x4 build/obj/main.o
 .bss.shelltp1  0x2000162c        0x4 build/obj/main.o
 *(COMMON)
                0x20001630                . = ALIGN (0x4)
                0x20001630                PROVIDE (_bss_end, .)
                0x20001630                PROVIDE (end, .)
                0x20001630                _end = .
                0x20001630                __heap_base__ = _end
                0x2000a000                __heap_end__ = __ram_end__
                0x00000400                __process_stack_size__ = 0x400
                0x00000400                __main_stack_size__ = 0x400
LOAD ../dsp_lib/libmath_cm4f.a
LOAD /l/arm2/gcc-arm-none-eabi-4_9-2014q4/bin/../lib/gcc/arm-none-eabi/4.9.3/../../../../arm-none-eabi/lib/armv7e-m/fpu/libm.a
START GROUP
LOAD /l/arm2/gcc-arm-none-eabi-4_9-2014q4/bin/../lib/gcc/arm-none-eabi/4.9.3/armv7e-m/fpu/libgcc.a
LOAD /l/arm2/gcc-arm-none-eabi-4_9-2014q4/bin/../lib/gcc/arm-none-eabi/4.9.3/../../../../arm-none-eabi/lib/armv7e-m/fpu/libg.a
LOAD /l/arm2/gcc-arm-none-eabi-4_9-2014q4/bin/../lib/gcc/arm-none-eabi/4.9.3/../../../../arm-none-eabi/lib/armv7e-m/fpu/libc.a
END GROUP
OUTPUT(build/annsynth.elf elf32-littlearm)

.ARM.attributes
                0x00000000       0x35
 .ARM.attributes
                0x00000000       0x25 build/obj/chcoreasm_v7m.o
 .ARM.attributes
                0x00000025       0x39 build/obj/crt0.o
 .ARM.attributes
                0x0000005e       0x39 build/obj/vectors.o
 .ARM.attributes
                0x00000097       0x39 build/obj/chcore_v7m.o
 .ARM.attributes
                0x000000d0       0x39 build/obj/chsys.o
 .ARM.attributes
                0x00000109       0x39 build/obj/chtm.o
 .ARM.attributes
                0x00000142       0x39 build/obj/chschd.o
 .ARM.attributes
                0x0000017b       0x39 build/obj/chvt.o
 .ARM.attributes
                0x000001b4       0x39 build/obj/chthreads.o
 .ARM.attributes
                0x000001ed       0x39 build/obj/chdynamic.o
 .ARM.attributes
                0x00000226       0x39 build/obj/chregistry.o
 .ARM.attributes
                0x0000025f       0x39 build/obj/chmtx.o
 .ARM.attributes
                0x00000298       0x39 build/obj/chevents.o
 .ARM.attributes
                0x000002d1       0x39 build/obj/chqueues.o
 .ARM.attributes
                0x0000030a       0x39 build/obj/chmemcore.o
 .ARM.attributes
                0x00000343       0x39 build/obj/chheap.o
 .ARM.attributes
                0x0000037c       0x39 build/obj/chmempools.o
 .ARM.attributes
                0x000003b5       0x39 build/obj/hal.o
 .ARM.attributes
                0x000003ee       0x39 build/obj/adc.o
 .ARM.attributes
                0x00000427       0x39 build/obj/gpt.o
 .ARM.attributes
                0x00000460       0x39 build/obj/serial.o
 .ARM.attributes
                0x00000499       0x39 build/obj/serial_usb.o
 .ARM.attributes
                0x000004d2       0x39 build/obj/st.o
 .ARM.attributes
                0x0000050b       0x39 build/obj/usb.o
 .ARM.attributes
                0x00000544       0x39 build/obj/nvic.o
 .ARM.attributes
                0x0000057d       0x39 build/obj/stm32_dma.o
 .ARM.attributes
                0x000005b6       0x39 build/obj/hal_lld.o
 .ARM.attributes
                0x000005ef       0x39 build/obj/adc_lld.o
 .ARM.attributes
                0x00000628       0x39 build/obj/pal_lld.o
 .ARM.attributes
                0x00000661       0x39 build/obj/gpt_lld.o
 .ARM.attributes
                0x0000069a       0x39 build/obj/st_lld.o
 .ARM.attributes
                0x000006d3       0x39 build/obj/serial_lld.o
 .ARM.attributes
                0x0000070c       0x39 build/obj/usb_lld.o
 .ARM.attributes
                0x00000745       0x39 build/obj/board.o
 .ARM.attributes
                0x0000077e       0x39 build/obj/drivers.o
 .ARM.attributes
                0x000007b7       0x39 build/obj/dac_driver.o
 .ARM.attributes
                0x000007f0       0x39 build/obj/dac_driver_lld.o
 .ARM.attributes
                0x00000829       0x39 build/obj/shell.o
 .ARM.attributes
                0x00000862       0x39 build/obj/chprintf.o
 .ARM.attributes
                0x0000089b       0x39 build/obj/weights.o
 .ARM.attributes
                0x000008d4       0x39 build/obj/arb.o
 .ARM.attributes
                0x0000090d       0x39 build/obj/atoh.o
 .ARM.attributes
                0x00000946       0x39 build/obj/dtoa.o
 .ARM.attributes
                0x0000097f       0x39 build/obj/NNet.o
 .ARM.attributes
                0x000009b8       0x39 build/obj/main.o
 .ARM.attributes
                0x000009f1       0x37 /tmp/cctiElZa.ltrans0.ltrans.o
 .ARM.attributes
                0x00000a28       0x34 /l/arm2/gcc-arm-none-eabi-4_9-2014q4/bin/../lib/gcc/arm-none-eabi/4.9.3/../../../../arm-none-eabi/lib/armv7e-m/fpu/libm.a(lib_a-s_floor.o)
 .ARM.attributes
                0x00000a5c       0x34 /l/arm2/gcc-arm-none-eabi-4_9-2014q4/bin/../lib/gcc/arm-none-eabi/4.9.3/../../../../arm-none-eabi/lib/armv7e-m/fpu/libm.a(lib_a-s_fpclassify.o)
 .ARM.attributes
                0x00000a90       0x34 /l/arm2/gcc-arm-none-eabi-4_9-2014q4/bin/../lib/gcc/arm-none-eabi/4.9.3/../../../../arm-none-eabi/lib/armv7e-m/fpu/libm.a(lib_a-sf_fpclassify.o)
 .ARM.attributes
                0x00000ac4       0x34 /l/arm2/gcc-arm-none-eabi-4_9-2014q4/bin/../lib/gcc/arm-none-eabi/4.9.3/../../../../arm-none-eabi/lib/armv7e-m/fpu/libm.a(lib_a-w_log10.o)
 .ARM.attributes
                0x00000af8       0x34 /l/arm2/gcc-arm-none-eabi-4_9-2014q4/bin/../lib/gcc/arm-none-eabi/4.9.3/../../../../arm-none-eabi/lib/armv7e-m/fpu/libm.a(lib_a-w_pow.o)
 .ARM.attributes
                0x00000b2c       0x34 /l/arm2/gcc-arm-none-eabi-4_9-2014q4/bin/../lib/gcc/arm-none-eabi/4.9.3/../../../../arm-none-eabi/lib/armv7e-m/fpu/libm.a(lib_a-e_log10.o)
 .ARM.attributes
                0x00000b60       0x34 /l/arm2/gcc-arm-none-eabi-4_9-2014q4/bin/../lib/gcc/arm-none-eabi/4.9.3/../../../../arm-none-eabi/lib/armv7e-m/fpu/libm.a(lib_a-e_pow.o)
 .ARM.attributes
                0x00000b94       0x34 /l/arm2/gcc-arm-none-eabi-4_9-2014q4/bin/../lib/gcc/arm-none-eabi/4.9.3/../../../../arm-none-eabi/lib/armv7e-m/fpu/libm.a(lib_a-e_sqrt.o)
 .ARM.attributes
                0x00000bc8       0x34 /l/arm2/gcc-arm-none-eabi-4_9-2014q4/bin/../lib/gcc/arm-none-eabi/4.9.3/../../../../arm-none-eabi/lib/armv7e-m/fpu/libm.a(lib_a-s_fabs.o)
 .ARM.attributes
                0x00000bfc       0x34 /l/arm2/gcc-arm-none-eabi-4_9-2014q4/bin/../lib/gcc/arm-none-eabi/4.9.3/../../../../arm-none-eabi/lib/armv7e-m/fpu/libm.a(lib_a-s_finite.o)
 .ARM.attributes
                0x00000c30       0x34 /l/arm2/gcc-arm-none-eabi-4_9-2014q4/bin/../lib/gcc/arm-none-eabi/4.9.3/../../../../arm-none-eabi/lib/armv7e-m/fpu/libm.a(lib_a-s_lib_ver.o)
 .ARM.attributes
                0x00000c64       0x34 /l/arm2/gcc-arm-none-eabi-4_9-2014q4/bin/../lib/gcc/arm-none-eabi/4.9.3/../../../../arm-none-eabi/lib/armv7e-m/fpu/libm.a(lib_a-s_matherr.o)
 .ARM.attributes
                0x00000c98       0x34 /l/arm2/gcc-arm-none-eabi-4_9-2014q4/bin/../lib/gcc/arm-none-eabi/4.9.3/../../../../arm-none-eabi/lib/armv7e-m/fpu/libm.a(lib_a-s_nan.o)
 .ARM.attributes
                0x00000ccc       0x34 /l/arm2/gcc-arm-none-eabi-4_9-2014q4/bin/../lib/gcc/arm-none-eabi/4.9.3/../../../../arm-none-eabi/lib/armv7e-m/fpu/libm.a(lib_a-s_rint.o)
 .ARM.attributes
                0x00000d00       0x34 /l/arm2/gcc-arm-none-eabi-4_9-2014q4/bin/../lib/gcc/arm-none-eabi/4.9.3/../../../../arm-none-eabi/lib/armv7e-m/fpu/libm.a(lib_a-s_scalbn.o)
 .ARM.attributes
                0x00000d34       0x34 /l/arm2/gcc-arm-none-eabi-4_9-2014q4/bin/../lib/gcc/arm-none-eabi/4.9.3/../../../../arm-none-eabi/lib/armv7e-m/fpu/libm.a(lib_a-e_log.o)
 .ARM.attributes
                0x00000d68       0x34 /l/arm2/gcc-arm-none-eabi-4_9-2014q4/bin/../lib/gcc/arm-none-eabi/4.9.3/../../../../arm-none-eabi/lib/armv7e-m/fpu/libm.a(lib_a-s_copysign.o)
 .ARM.attributes
                0x00000d9c       0x22 /l/arm2/gcc-arm-none-eabi-4_9-2014q4/bin/../lib/gcc/arm-none-eabi/4.9.3/armv7e-m/fpu/libgcc.a(_arm_addsubdf3.o)
 .ARM.attributes
                0x00000dbe       0x22 /l/arm2/gcc-arm-none-eabi-4_9-2014q4/bin/../lib/gcc/arm-none-eabi/4.9.3/armv7e-m/fpu/libgcc.a(_arm_muldivdf3.o)
 .ARM.attributes
                0x00000de0       0x22 /l/arm2/gcc-arm-none-eabi-4_9-2014q4/bin/../lib/gcc/arm-none-eabi/4.9.3/armv7e-m/fpu/libgcc.a(_arm_cmpdf2.o)
 .ARM.attributes
                0x00000e02       0x22 /l/arm2/gcc-arm-none-eabi-4_9-2014q4/bin/../lib/gcc/arm-none-eabi/4.9.3/armv7e-m/fpu/libgcc.a(_arm_fixdfsi.o)
 .ARM.attributes
                0x00000e24       0x22 /l/arm2/gcc-arm-none-eabi-4_9-2014q4/bin/../lib/gcc/arm-none-eabi/4.9.3/armv7e-m/fpu/libgcc.a(_arm_truncdfsf2.o)
 .ARM.attributes
                0x00000e46       0x34 /l/arm2/gcc-arm-none-eabi-4_9-2014q4/bin/../lib/gcc/arm-none-eabi/4.9.3/../../../../arm-none-eabi/lib/armv7e-m/fpu/libg.a(lib_a-errno.o)
 .ARM.attributes
                0x00000e7a       0x34 /l/arm2/gcc-arm-none-eabi-4_9-2014q4/bin/../lib/gcc/arm-none-eabi/4.9.3/../../../../arm-none-eabi/lib/armv7e-m/fpu/libg.a(lib_a-impure.o)
 .ARM.attributes
                0x00000eae       0x34 /l/arm2/gcc-arm-none-eabi-4_9-2014q4/bin/../lib/gcc/arm-none-eabi/4.9.3/../../../../arm-none-eabi/lib/armv7e-m/fpu/libg.a(lib_a-strcasecmp.o)
 .ARM.attributes
                0x00000ee2       0x34 /l/arm2/gcc-arm-none-eabi-4_9-2014q4/bin/../lib/gcc/arm-none-eabi/4.9.3/../../../../arm-none-eabi/lib/armv7e-m/fpu/libg.a(lib_a-strpbrk.o)
 .ARM.attributes
                0x00000f16       0x34 /l/arm2/gcc-arm-none-eabi-4_9-2014q4/bin/../lib/gcc/arm-none-eabi/4.9.3/../../../../arm-none-eabi/lib/armv7e-m/fpu/libg.a(lib_a-strspn.o)
 .ARM.attributes
                0x00000f4a       0x34 /l/arm2/gcc-arm-none-eabi-4_9-2014q4/bin/../lib/gcc/arm-none-eabi/4.9.3/../../../../arm-none-eabi/lib/armv7e-m/fpu/libg.a(lib_a-ctype_.o)

.comment        0x00000000       0x70
 .comment       0x00000000       0x70 build/obj/crt0.o
                                 0x71 (size before relaxing)
 .comment       0x00000000       0x71 build/obj/vectors.o
 .comment       0x00000000       0x71 build/obj/chcore_v7m.o
 .comment       0x00000000       0x71 build/obj/chsys.o
 .comment       0x00000000       0x71 build/obj/chtm.o
 .comment       0x00000000       0x71 build/obj/chschd.o
 .comment       0x00000000       0x71 build/obj/chvt.o
 .comment       0x00000000       0x71 build/obj/chthreads.o
 .comment       0x00000000       0x71 build/obj/chdynamic.o
 .comment       0x00000000       0x71 build/obj/chregistry.o
 .comment       0x00000000       0x71 build/obj/chmtx.o
 .comment       0x00000000       0x71 build/obj/chevents.o
 .comment       0x00000000       0x71 build/obj/chqueues.o
 .comment       0x00000000       0x71 build/obj/chmemcore.o
 .comment       0x00000000       0x71 build/obj/chheap.o
 .comment       0x00000000       0x71 build/obj/chmempools.o
 .comment       0x00000000       0x71 build/obj/hal.o
 .comment       0x00000000       0x71 build/obj/adc.o
 .comment       0x00000000       0x71 build/obj/gpt.o
 .comment       0x00000000       0x71 build/obj/serial.o
 .comment       0x00000000       0x71 build/obj/serial_usb.o
 .comment       0x00000000       0x71 build/obj/st.o
 .comment       0x00000000       0x71 build/obj/usb.o
 .comment       0x00000000       0x71 build/obj/nvic.o
 .comment       0x00000000       0x71 build/obj/stm32_dma.o
 .comment       0x00000000       0x71 build/obj/hal_lld.o
 .comment       0x00000000       0x71 build/obj/adc_lld.o
 .comment       0x00000000       0x71 build/obj/pal_lld.o
 .comment       0x00000000       0x71 build/obj/gpt_lld.o
 .comment       0x00000000       0x71 build/obj/st_lld.o
 .comment       0x00000000       0x71 build/obj/serial_lld.o
 .comment       0x00000000       0x71 build/obj/usb_lld.o
 .comment       0x00000000       0x71 build/obj/board.o
 .comment       0x00000000       0x71 build/obj/drivers.o
 .comment       0x00000000       0x71 build/obj/dac_driver.o
 .comment       0x00000000       0x71 build/obj/dac_driver_lld.o
 .comment       0x00000000       0x71 build/obj/shell.o
 .comment       0x00000000       0x71 build/obj/chprintf.o
 .comment       0x00000000       0x71 build/obj/weights.o
 .comment       0x00000000       0x71 build/obj/arb.o
 .comment       0x00000000       0x71 build/obj/atoh.o
 .comment       0x00000000       0x71 build/obj/dtoa.o
 .comment       0x00000000       0x71 build/obj/NNet.o
 .comment       0x00000000       0x71 build/obj/main.o
 .comment       0x00000000       0x71 /tmp/cctiElZa.ltrans0.ltrans.o

.debug_info     0x00000000    0x27e29
 .debug_info    0x00000000      0x2b5 build/obj/crt0.o
 .debug_info    0x000002b5      0x1e7 build/obj/vectors.o
 .debug_info    0x0000049c      0xc33 build/obj/chcore_v7m.o
 .debug_info    0x000010cf     0x182c build/obj/chsys.o
 .debug_info    0x000028fb      0xa18 build/obj/chtm.o
 .debug_info    0x00003313      0xe19 build/obj/chschd.o
 .debug_info    0x0000412c      0x9f7 build/obj/chvt.o
 .debug_info    0x00004b23     0x1c95 build/obj/chthreads.o
 .debug_info    0x000067b8      0xd4b build/obj/chdynamic.o
 .debug_info    0x00007503      0x9c8 build/obj/chregistry.o
 .debug_info    0x00007ecb     0x104f build/obj/chmtx.o
 .debug_info    0x00008f1a     0x160a build/obj/chevents.o
 .debug_info    0x0000a524     0x112d build/obj/chqueues.o
 .debug_info    0x0000b651      0x8b3 build/obj/chmemcore.o
 .debug_info    0x0000bf04      0xa17 build/obj/chheap.o
 .debug_info    0x0000c91b      0xc16 build/obj/chmempools.o
 .debug_info    0x0000d531      0x82d build/obj/hal.o
 .debug_info    0x0000dd5e     0x16a9 build/obj/adc.o
 .debug_info    0x0000f407     0x1245 build/obj/gpt.o
 .debug_info    0x0001064c     0x1596 build/obj/serial.o
 .debug_info    0x00011be2     0x2183 build/obj/serial_usb.o
 .debug_info    0x00013d65      0x951 build/obj/st.o
 .debug_info    0x000146b6     0x21e6 build/obj/usb.o
 .debug_info    0x0001689c      0xa06 build/obj/nvic.o
 .debug_info    0x000172a2      0xe04 build/obj/stm32_dma.o
 .debug_info    0x000180a6      0x8bc build/obj/hal_lld.o
 .debug_info    0x00018962     0x1b2a build/obj/adc_lld.o
 .debug_info    0x0001a48c      0xb41 build/obj/pal_lld.o
 .debug_info    0x0001afcd      0xc0a build/obj/gpt_lld.o
 .debug_info    0x0001bbd7      0xa47 build/obj/st_lld.o
 .debug_info    0x0001c61e     0x14ef build/obj/serial_lld.o
 .debug_info    0x0001db0d     0x1c13 build/obj/usb_lld.o
 .debug_info    0x0001f720      0x7b1 build/obj/board.o
 .debug_info    0x0001fed1      0x6bb build/obj/drivers.o
 .debug_info    0x0002058c     0x1688 build/obj/dac_driver.o
 .debug_info    0x00021c14      0xef4 build/obj/dac_driver_lld.o
 .debug_info    0x00022b08     0x1920 build/obj/shell.o
 .debug_info    0x00024428      0xc40 build/obj/chprintf.o
 .debug_info    0x00025068       0x7a build/obj/weights.o
 .debug_info    0x000250e2       0x6e build/obj/arb.o
 .debug_info    0x00025150       0x9e build/obj/atoh.o
 .debug_info    0x000251ee      0x2d4 build/obj/dtoa.o
 .debug_info    0x000254c2      0x165 build/obj/NNet.o
 .debug_info    0x00025627     0x267d build/obj/main.o
 .debug_info    0x00027ca4      0x185 /tmp/cctiElZa.ltrans0.ltrans.o

.debug_abbrev   0x00000000     0x79b6
 .debug_abbrev  0x00000000       0xd6 build/obj/crt0.o
 .debug_abbrev  0x000000d6       0xc7 build/obj/vectors.o
 .debug_abbrev  0x0000019d      0x23e build/obj/chcore_v7m.o
 .debug_abbrev  0x000003db      0x507 build/obj/chsys.o
 .debug_abbrev  0x000008e2      0x284 build/obj/chtm.o
 .debug_abbrev  0x00000b66      0x3e0 build/obj/chschd.o
 .debug_abbrev  0x00000f46      0x2a8 build/obj/chvt.o
 .debug_abbrev  0x000011ee      0x4c5 build/obj/chthreads.o
 .debug_abbrev  0x000016b3      0x304 build/obj/chdynamic.o
 .debug_abbrev  0x000019b7      0x245 build/obj/chregistry.o
 .debug_abbrev  0x00001bfc      0x3ee build/obj/chmtx.o
 .debug_abbrev  0x00001fea      0x3c5 build/obj/chevents.o
 .debug_abbrev  0x000023af      0x3ed build/obj/chqueues.o
 .debug_abbrev  0x0000279c      0x28f build/obj/chmemcore.o
 .debug_abbrev  0x00002a2b      0x292 build/obj/chheap.o
 .debug_abbrev  0x00002cbd      0x328 build/obj/chmempools.o
 .debug_abbrev  0x00002fe5      0x1ad build/obj/hal.o
 .debug_abbrev  0x00003192      0x3a0 build/obj/adc.o
 .debug_abbrev  0x00003532      0x2ee build/obj/gpt.o
 .debug_abbrev  0x00003820      0x3a6 build/obj/serial.o
 .debug_abbrev  0x00003bc6      0x525 build/obj/serial_usb.o
 .debug_abbrev  0x000040eb      0x224 build/obj/st.o
 .debug_abbrev  0x0000430f      0x42f build/obj/usb.o
 .debug_abbrev  0x0000473e      0x1c7 build/obj/nvic.o
 .debug_abbrev  0x00004905      0x285 build/obj/stm32_dma.o
 .debug_abbrev  0x00004b8a      0x1bc build/obj/hal_lld.o
 .debug_abbrev  0x00004d46      0x407 build/obj/adc_lld.o
 .debug_abbrev  0x0000514d      0x219 build/obj/pal_lld.o
 .debug_abbrev  0x00005366      0x2b8 build/obj/gpt_lld.o
 .debug_abbrev  0x0000561e      0x226 build/obj/st_lld.o
 .debug_abbrev  0x00005844      0x3a9 build/obj/serial_lld.o
 .debug_abbrev  0x00005bed      0x523 build/obj/usb_lld.o
 .debug_abbrev  0x00006110      0x198 build/obj/board.o
 .debug_abbrev  0x000062a8      0x16f build/obj/drivers.o
 .debug_abbrev  0x00006417      0x3b1 build/obj/dac_driver.o
 .debug_abbrev  0x000067c8      0x2aa build/obj/dac_driver_lld.o
 .debug_abbrev  0x00006a72      0x46b build/obj/shell.o
 .debug_abbrev  0x00006edd      0x314 build/obj/chprintf.o
 .debug_abbrev  0x000071f1       0x3e build/obj/weights.o
 .debug_abbrev  0x0000722f       0x3e build/obj/arb.o
 .debug_abbrev  0x0000726d       0x9a build/obj/atoh.o
 .debug_abbrev  0x00007307      0x140 build/obj/dtoa.o
 .debug_abbrev  0x00007447       0x96 build/obj/NNet.o
 .debug_abbrev  0x000074dd      0x443 build/obj/main.o
 .debug_abbrev  0x00007920       0x96 /tmp/cctiElZa.ltrans0.ltrans.o

.debug_loc      0x00000000     0x8f11
 .debug_loc     0x00000000       0xda build/obj/crt0.o
 .debug_loc     0x000000da       0xc7 build/obj/chcore_v7m.o
 .debug_loc     0x000001a1      0x276 build/obj/chsys.o
 .debug_loc     0x00000417       0xb7 build/obj/chtm.o
 .debug_loc     0x000004ce      0x32f build/obj/chschd.o
 .debug_loc     0x000007fd      0x1d7 build/obj/chvt.o
 .debug_loc     0x000009d4      0xa4b build/obj/chthreads.o
 .debug_loc     0x0000141f      0x223 build/obj/chdynamic.o
 .debug_loc     0x00001642       0x3f build/obj/chregistry.o
 .debug_loc     0x00001681      0x5e2 build/obj/chmtx.o
 .debug_loc     0x00001c63      0x61d build/obj/chevents.o
 .debug_loc     0x00002280      0x578 build/obj/chqueues.o
 .debug_loc     0x000027f8       0xb0 build/obj/chmemcore.o
 .debug_loc     0x000028a8      0x3a8 build/obj/chheap.o
 .debug_loc     0x00002c50      0x1f7 build/obj/chmempools.o
 .debug_loc     0x00002e47      0x4e5 build/obj/adc.o
 .debug_loc     0x0000332c      0x2ab build/obj/gpt.o
 .debug_loc     0x000035d7      0x5b2 build/obj/serial.o
 .debug_loc     0x00003b89      0x92e build/obj/serial_usb.o
 .debug_loc     0x000044b7      0xc3f build/obj/usb.o
 .debug_loc     0x000050f6       0xcd build/obj/nvic.o
 .debug_loc     0x000051c3      0x21e build/obj/stm32_dma.o
 .debug_loc     0x000053e1      0x51a build/obj/adc_lld.o
 .debug_loc     0x000058fb      0x129 build/obj/pal_lld.o
 .debug_loc     0x00005a24      0x147 build/obj/gpt_lld.o
 .debug_loc     0x00005b6b      0x369 build/obj/serial_lld.o
 .debug_loc     0x00005ed4      0xa56 build/obj/usb_lld.o
 .debug_loc     0x0000692a      0x524 build/obj/dac_driver.o
 .debug_loc     0x00006e4e      0x30e build/obj/dac_driver_lld.o
 .debug_loc     0x0000715c      0x758 build/obj/shell.o
 .debug_loc     0x000078b4      0x909 build/obj/chprintf.o
 .debug_loc     0x000081bd       0xe3 build/obj/atoh.o
 .debug_loc     0x000082a0      0x303 build/obj/dtoa.o
 .debug_loc     0x000085a3       0x9f build/obj/NNet.o
 .debug_loc     0x00008642      0x598 build/obj/main.o
 .debug_loc     0x00008bda      0x337 /tmp/cctiElZa.ltrans0.ltrans.o

.debug_aranges  0x00000000      0xdd0
 .debug_aranges
                0x00000000       0x38 build/obj/crt0.o
 .debug_aranges
                0x00000038       0x20 build/obj/vectors.o
 .debug_aranges
                0x00000058       0x28 build/obj/chcore_v7m.o
 .debug_aranges
                0x00000080       0x58 build/obj/chsys.o
 .debug_aranges
                0x000000d8       0x40 build/obj/chtm.o
 .debug_aranges
                0x00000118       0x70 build/obj/chschd.o
 .debug_aranges
                0x00000188       0x30 build/obj/chvt.o
 .debug_aranges
                0x000001b8       0xc0 build/obj/chthreads.o
 .debug_aranges
                0x00000278       0x38 build/obj/chdynamic.o
 .debug_aranges
                0x000002b0       0x28 build/obj/chregistry.o
 .debug_aranges
                0x000002d8       0x58 build/obj/chmtx.o
 .debug_aranges
                0x00000330       0xa0 build/obj/chevents.o
 .debug_aranges
                0x000003d0       0x68 build/obj/chqueues.o
 .debug_aranges
                0x00000438       0x38 build/obj/chmemcore.o
 .debug_aranges
                0x00000470       0x40 build/obj/chheap.o
 .debug_aranges
                0x000004b0       0x48 build/obj/chmempools.o
 .debug_aranges
                0x000004f8       0x20 build/obj/hal.o
 .debug_aranges
                0x00000518       0x70 build/obj/adc.o
 .debug_aranges
                0x00000588       0x78 build/obj/gpt.o
 .debug_aranges
                0x00000600       0x88 build/obj/serial.o
 .debug_aranges
                0x00000688       0xb0 build/obj/serial_usb.o
 .debug_aranges
                0x00000738       0x40 build/obj/st.o
 .debug_aranges
                0x00000778       0xb0 build/obj/usb.o
 .debug_aranges
                0x00000828       0x30 build/obj/nvic.o
 .debug_aranges
                0x00000858       0x90 build/obj/stm32_dma.o
 .debug_aranges
                0x000008e8       0x28 build/obj/hal_lld.o
 .debug_aranges
                0x00000910       0x50 build/obj/adc_lld.o
 .debug_aranges
                0x00000960       0x28 build/obj/pal_lld.o
 .debug_aranges
                0x00000988       0x50 build/obj/gpt_lld.o
 .debug_aranges
                0x000009d8       0x28 build/obj/st_lld.o
 .debug_aranges
                0x00000a00       0x40 build/obj/serial_lld.o
 .debug_aranges
                0x00000a40       0xc0 build/obj/usb_lld.o
 .debug_aranges
                0x00000b00       0x28 build/obj/board.o
 .debug_aranges
                0x00000b28       0x20 build/obj/drivers.o
 .debug_aranges
                0x00000b48       0x78 build/obj/dac_driver.o
 .debug_aranges
                0x00000bc0       0x50 build/obj/dac_driver_lld.o
 .debug_aranges
                0x00000c10       0x68 build/obj/shell.o
 .debug_aranges
                0x00000c78       0x30 build/obj/chprintf.o
 .debug_aranges
                0x00000ca8       0x18 build/obj/weights.o
 .debug_aranges
                0x00000cc0       0x18 build/obj/arb.o
 .debug_aranges
                0x00000cd8       0x20 build/obj/atoh.o
 .debug_aranges
                0x00000cf8       0x20 build/obj/dtoa.o
 .debug_aranges
                0x00000d18       0x20 build/obj/NNet.o
 .debug_aranges
                0x00000d38       0x78 build/obj/main.o
 .debug_aranges
                0x00000db0       0x20 /tmp/cctiElZa.ltrans0.ltrans.o

.debug_ranges   0x00000000     0x1a78
 .debug_ranges  0x00000000       0x58 build/obj/crt0.o
 .debug_ranges  0x00000058       0x10 build/obj/vectors.o
 .debug_ranges  0x00000068       0x18 build/obj/chcore_v7m.o
 .debug_ranges  0x00000080      0x168 build/obj/chsys.o
 .debug_ranges  0x000001e8       0xc0 build/obj/chtm.o
 .debug_ranges  0x000002a8      0x1c0 build/obj/chschd.o
 .debug_ranges  0x00000468       0xa8 build/obj/chvt.o
 .debug_ranges  0x00000510      0x248 build/obj/chthreads.o
 .debug_ranges  0x00000758       0x28 build/obj/chdynamic.o
 .debug_ranges  0x00000780       0x18 build/obj/chregistry.o
 .debug_ranges  0x00000798      0x1a8 build/obj/chmtx.o
 .debug_ranges  0x00000940       0xd8 build/obj/chevents.o
 .debug_ranges  0x00000a18      0x138 build/obj/chqueues.o
 .debug_ranges  0x00000b50       0x28 build/obj/chmemcore.o
 .debug_ranges  0x00000b78       0x30 build/obj/chheap.o
 .debug_ranges  0x00000ba8       0xe0 build/obj/chmempools.o
 .debug_ranges  0x00000c88       0x10 build/obj/hal.o
 .debug_ranges  0x00000c98       0xc0 build/obj/adc.o
 .debug_ranges  0x00000d58       0x98 build/obj/gpt.o
 .debug_ranges  0x00000df0       0xc0 build/obj/serial.o
 .debug_ranges  0x00000eb0      0x110 build/obj/serial_usb.o
 .debug_ranges  0x00000fc0       0x30 build/obj/st.o
 .debug_ranges  0x00000ff0      0x178 build/obj/usb.o
 .debug_ranges  0x00001168       0x20 build/obj/nvic.o
 .debug_ranges  0x00001188       0x80 build/obj/stm32_dma.o
 .debug_ranges  0x00001208       0x30 build/obj/hal_lld.o
 .debug_ranges  0x00001238       0xc8 build/obj/adc_lld.o
 .debug_ranges  0x00001300       0xc0 build/obj/pal_lld.o
 .debug_ranges  0x000013c0       0x40 build/obj/gpt_lld.o
 .debug_ranges  0x00001400       0x18 build/obj/st_lld.o
 .debug_ranges  0x00001418       0x90 build/obj/serial_lld.o
 .debug_ranges  0x000014a8      0x1d0 build/obj/usb_lld.o
 .debug_ranges  0x00001678       0x18 build/obj/board.o
 .debug_ranges  0x00001690       0x10 build/obj/drivers.o
 .debug_ranges  0x000016a0       0xc8 build/obj/dac_driver.o
 .debug_ranges  0x00001768       0x40 build/obj/dac_driver_lld.o
 .debug_ranges  0x000017a8      0x130 build/obj/shell.o
 .debug_ranges  0x000018d8       0x38 build/obj/chprintf.o
 .debug_ranges  0x00001910       0x10 build/obj/atoh.o
 .debug_ranges  0x00001920       0x80 build/obj/dtoa.o
 .debug_ranges  0x000019a0       0x10 build/obj/NNet.o
 .debug_ranges  0x000019b0       0xb8 build/obj/main.o
 .debug_ranges  0x00001a68       0x10 /tmp/cctiElZa.ltrans0.ltrans.o

.debug_line     0x00000000     0x9d01
 .debug_line    0x00000000      0x17d build/obj/crt0.o
 .debug_line    0x0000017d      0x13b build/obj/vectors.o
 .debug_line    0x000002b8      0x239 build/obj/chcore_v7m.o
 .debug_line    0x000004f1      0x534 build/obj/chsys.o
 .debug_line    0x00000a25      0x2b1 build/obj/chtm.o
 .debug_line    0x00000cd6      0x4c8 build/obj/chschd.o
 .debug_line    0x0000119e      0x308 build/obj/chvt.o
 .debug_line    0x000014a6      0x719 build/obj/chthreads.o
 .debug_line    0x00001bbf      0x335 build/obj/chdynamic.o
 .debug_line    0x00001ef4      0x2b1 build/obj/chregistry.o
 .debug_line    0x000021a5      0x461 build/obj/chmtx.o
 .debug_line    0x00002606      0x4e1 build/obj/chevents.o
 .debug_line    0x00002ae7      0x472 build/obj/chqueues.o
 .debug_line    0x00002f59      0x2a9 build/obj/chmemcore.o
 .debug_line    0x00003202      0x324 build/obj/chheap.o
 .debug_line    0x00003526      0x338 build/obj/chmempools.o
 .debug_line    0x0000385e      0x309 build/obj/hal.o
 .debug_line    0x00003b67      0x492 build/obj/adc.o
 .debug_line    0x00003ff9      0x3c5 build/obj/gpt.o
 .debug_line    0x000043be      0x477 build/obj/serial.o
 .debug_line    0x00004835      0x5da build/obj/serial_usb.o
 .debug_line    0x00004e0f      0x275 build/obj/st.o
 .debug_line    0x00005084      0x6d9 build/obj/usb.o
 .debug_line    0x0000575d      0x217 build/obj/nvic.o
 .debug_line    0x00005974      0x44c build/obj/stm32_dma.o
 .debug_line    0x00005dc0      0x28a build/obj/hal_lld.o
 .debug_line    0x0000604a      0x57c build/obj/adc_lld.o
 .debug_line    0x000065c6      0x2a5 build/obj/pal_lld.o
 .debug_line    0x0000686b      0x3a2 build/obj/gpt_lld.o
 .debug_line    0x00006c0d      0x2e1 build/obj/st_lld.o
 .debug_line    0x00006eee      0x43a build/obj/serial_lld.o
 .debug_line    0x00007328      0x6be build/obj/usb_lld.o
 .debug_line    0x000079e6      0x2c0 build/obj/board.o
 .debug_line    0x00007ca6      0x215 build/obj/drivers.o
 .debug_line    0x00007ebb      0x52c build/obj/dac_driver.o
 .debug_line    0x000083e7      0x477 build/obj/dac_driver_lld.o
 .debug_line    0x0000885e      0x51b build/obj/shell.o
 .debug_line    0x00008d79      0x398 build/obj/chprintf.o
 .debug_line    0x00009111       0x35 build/obj/weights.o
 .debug_line    0x00009146       0x31 build/obj/arb.o
 .debug_line    0x00009177       0x69 build/obj/atoh.o
 .debug_line    0x000091e0      0x1c6 build/obj/dtoa.o
 .debug_line    0x000093a6       0x8d build/obj/NNet.o
 .debug_line    0x00009433      0x789 build/obj/main.o
 .debug_line    0x00009bbc      0x145 /tmp/cctiElZa.ltrans0.ltrans.o

.debug_str      0x00000000     0x407e
 .debug_str     0x00000000      0x2e3 build/obj/crt0.o
                                0x32e (size before relaxing)
 .debug_str     0x000002e3      0x169 build/obj/vectors.o
                                0x35f (size before relaxing)
 .debug_str     0x0000044c      0x464 build/obj/chcore_v7m.o
                                0x6ac (size before relaxing)
 .debug_str     0x000008b0      0x9a4 build/obj/chsys.o
                                0xf90 (size before relaxing)
 .debug_str     0x00001254       0xbe build/obj/chtm.o
                                0x69f (size before relaxing)
 .debug_str     0x00001312      0x15d build/obj/chschd.o
                                0x73f (size before relaxing)
 .debug_str     0x0000146f       0x47 build/obj/chvt.o
                                0x629 (size before relaxing)
 .debug_str     0x000014b6      0x211 build/obj/chthreads.o
                                0x8c0 (size before relaxing)
 .debug_str     0x000016c7      0x11f build/obj/chdynamic.o
                                0x6c5 (size before relaxing)
 .debug_str     0x000017e6       0x43 build/obj/chregistry.o
                                0x6ab (size before relaxing)
 .debug_str     0x00001829       0xab build/obj/chmtx.o
                                0x67c (size before relaxing)
 .debug_str     0x000018d4      0x1e9 build/obj/chevents.o
                                0x79c (size before relaxing)
 .debug_str     0x00001abd      0x174 build/obj/chqueues.o
                                0x724 (size before relaxing)
 .debug_str     0x00001c31       0x75 build/obj/chmemcore.o
                                0x5dd (size before relaxing)
 .debug_str     0x00001ca6       0x4f build/obj/chheap.o
                                0x615 (size before relaxing)
 .debug_str     0x00001cf5       0x66 build/obj/chmempools.o
                                0x63a (size before relaxing)
 .debug_str     0x00001d5b       0xff build/obj/hal.o
                                0x60d (size before relaxing)
 .debug_str     0x00001e5a      0x40c build/obj/adc.o
                                0xa3f (size before relaxing)
 .debug_str     0x00002266      0x1c8 build/obj/gpt.o
                                0x78a (size before relaxing)
 .debug_str     0x0000242e      0x182 build/obj/serial.o
                                0x90c (size before relaxing)
 .debug_str     0x000025b0      0x52d build/obj/serial_usb.o
                                0xd97 (size before relaxing)
 .debug_str     0x00002add       0x79 build/obj/st.o
                                0x5fc (size before relaxing)
 .debug_str     0x00002b56      0x2b5 build/obj/usb.o
                                0xd12 (size before relaxing)
 .debug_str     0x00002e0b       0x6d build/obj/nvic.o
                                0x648 (size before relaxing)
 .debug_str     0x00002e78      0x193 build/obj/stm32_dma.o
                                0xb8c (size before relaxing)
 .debug_str     0x0000300b       0xa1 build/obj/hal_lld.o
                                0x625 (size before relaxing)
 .debug_str     0x000030ac      0x102 build/obj/adc_lld.o
                                0xf3e (size before relaxing)
 .debug_str     0x000031ae       0xce build/obj/pal_lld.o
                                0x6ce (size before relaxing)
 .debug_str     0x0000327c       0x59 build/obj/gpt_lld.o
                                0x774 (size before relaxing)
 .debug_str     0x000032d5       0x4e build/obj/st_lld.o
                                0x6cc (size before relaxing)
 .debug_str     0x00003323       0x6a build/obj/serial_lld.o
                                0x935 (size before relaxing)
 .debug_str     0x0000338d      0x1d6 build/obj/usb_lld.o
                                0xe29 (size before relaxing)
 .debug_str     0x00003563       0x36 build/obj/board.o
                                0x5f2 (size before relaxing)
 .debug_str     0x00003599       0x40 build/obj/drivers.o
                                0x54e (size before relaxing)
 .debug_str     0x000035d9      0x2df build/obj/dac_driver.o
                                0xa31 (size before relaxing)
 .debug_str     0x000038b8       0x75 build/obj/dac_driver_lld.o
                                0x975 (size before relaxing)
 .debug_str     0x0000392d      0x1e9 build/obj/shell.o
                                0x922 (size before relaxing)
 .debug_str     0x00003b16       0xd9 build/obj/chprintf.o
                                0x66a (size before relaxing)
 .debug_str     0x00003bef       0x31 build/obj/weights.o
                                0x175 (size before relaxing)
 .debug_str     0x00003c20       0x31 build/obj/arb.o
                                0x17b (size before relaxing)
 .debug_str     0x00003c51       0x27 build/obj/atoh.o
                                0x16d (size before relaxing)
 .debug_str     0x00003c78       0x6b build/obj/dtoa.o
                                0x264 (size before relaxing)
 .debug_str     0x00003ce3       0x3d build/obj/NNet.o
                                0x226 (size before relaxing)
 .debug_str     0x00003d20      0x1ce build/obj/main.o
                               0x10db (size before relaxing)
 .debug_str     0x00003eee      0x190 /tmp/cctiElZa.ltrans0.ltrans.o
                                0x225 (size before relaxing)

.debug_frame    0x00000000     0x2a48
 .debug_frame   0x00000000       0x50 build/obj/crt0.o
 .debug_frame   0x00000050       0x20 build/obj/vectors.o
 .debug_frame   0x00000070       0x3c build/obj/chcore_v7m.o
 .debug_frame   0x000000ac      0x104 build/obj/chsys.o
 .debug_frame   0x000001b0       0xc8 build/obj/chtm.o
 .debug_frame   0x00000278      0x168 build/obj/chschd.o
 .debug_frame   0x000003e0       0x80 build/obj/chvt.o
 .debug_frame   0x00000460      0x280 build/obj/chthreads.o
 .debug_frame   0x000006e0       0x84 build/obj/chdynamic.o
 .debug_frame   0x00000764       0x3c build/obj/chregistry.o
 .debug_frame   0x000007a0       0xf8 build/obj/chmtx.o
 .debug_frame   0x00000898      0x1d0 build/obj/chevents.o
 .debug_frame   0x00000a68      0x16c build/obj/chqueues.o
 .debug_frame   0x00000bd4       0x68 build/obj/chmemcore.o
 .debug_frame   0x00000c3c       0xc0 build/obj/chheap.o
 .debug_frame   0x00000cfc       0x8c build/obj/chmempools.o
 .debug_frame   0x00000d88       0x30 build/obj/hal.o
 .debug_frame   0x00000db8      0x128 build/obj/adc.o
 .debug_frame   0x00000ee0      0x118 build/obj/gpt.o
 .debug_frame   0x00000ff8      0x14c build/obj/serial.o
 .debug_frame   0x00001144      0x1ec build/obj/serial_usb.o
 .debug_frame   0x00001330       0x60 build/obj/st.o
 .debug_frame   0x00001390      0x260 build/obj/usb.o
 .debug_frame   0x000015f0       0x58 build/obj/nvic.o
 .debug_frame   0x00001648      0x1f4 build/obj/stm32_dma.o
 .debug_frame   0x0000183c       0x3c build/obj/hal_lld.o
 .debug_frame   0x00001878      0x164 build/obj/adc_lld.o
 .debug_frame   0x000019dc       0x6c build/obj/pal_lld.o
 .debug_frame   0x00001a48       0xac build/obj/gpt_lld.o
 .debug_frame   0x00001af4       0x58 build/obj/st_lld.o
 .debug_frame   0x00001b4c       0xa4 build/obj/serial_lld.o
 .debug_frame   0x00001bf0      0x250 build/obj/usb_lld.o
 .debug_frame   0x00001e40       0x30 build/obj/board.o
 .debug_frame   0x00001e70       0x20 build/obj/drivers.o
 .debug_frame   0x00001e90      0x144 build/obj/dac_driver.o
 .debug_frame   0x00001fd4       0xe0 build/obj/dac_driver_lld.o
 .debug_frame   0x000020b4      0x168 build/obj/shell.o
 .debug_frame   0x0000221c       0xc8 build/obj/chprintf.o
 .debug_frame   0x000022e4       0x4c build/obj/atoh.o
 .debug_frame   0x00002330       0x58 build/obj/dtoa.o
 .debug_frame   0x00002388       0x34 build/obj/NNet.o
 .debug_frame   0x000023bc      0x214 build/obj/main.o
 .debug_frame   0x000025d0       0x40 /tmp/cctiElZa.ltrans0.ltrans.o
 .debug_frame   0x00002610       0x34 /l/arm2/gcc-arm-none-eabi-4_9-2014q4/bin/../lib/gcc/arm-none-eabi/4.9.3/../../../../arm-none-eabi/lib/armv7e-m/fpu/libm.a(lib_a-s_floor.o)
 .debug_frame   0x00002644       0x34 /l/arm2/gcc-arm-none-eabi-4_9-2014q4/bin/../lib/gcc/arm-none-eabi/4.9.3/../../../../arm-none-eabi/lib/armv7e-m/fpu/libm.a(lib_a-s_fpclassify.o)
 .debug_frame   0x00002678       0x20 /l/arm2/gcc-arm-none-eabi-4_9-2014q4/bin/../lib/gcc/arm-none-eabi/4.9.3/../../../../arm-none-eabi/lib/armv7e-m/fpu/libm.a(lib_a-sf_fpclassify.o)
 .debug_frame   0x00002698       0x64 /l/arm2/gcc-arm-none-eabi-4_9-2014q4/bin/../lib/gcc/arm-none-eabi/4.9.3/../../../../arm-none-eabi/lib/armv7e-m/fpu/libm.a(lib_a-w_log10.o)
 .debug_frame   0x000026fc       0x74 /l/arm2/gcc-arm-none-eabi-4_9-2014q4/bin/../lib/gcc/arm-none-eabi/4.9.3/../../../../arm-none-eabi/lib/armv7e-m/fpu/libm.a(lib_a-w_pow.o)
 .debug_frame   0x00002770       0x34 /l/arm2/gcc-arm-none-eabi-4_9-2014q4/bin/../lib/gcc/arm-none-eabi/4.9.3/../../../../arm-none-eabi/lib/armv7e-m/fpu/libm.a(lib_a-e_log10.o)
 .debug_frame   0x000027a4       0x64 /l/arm2/gcc-arm-none-eabi-4_9-2014q4/bin/../lib/gcc/arm-none-eabi/4.9.3/../../../../arm-none-eabi/lib/armv7e-m/fpu/libm.a(lib_a-e_pow.o)
 .debug_frame   0x00002808       0x30 /l/arm2/gcc-arm-none-eabi-4_9-2014q4/bin/../lib/gcc/arm-none-eabi/4.9.3/../../../../arm-none-eabi/lib/armv7e-m/fpu/libm.a(lib_a-e_sqrt.o)
 .debug_frame   0x00002838       0x20 /l/arm2/gcc-arm-none-eabi-4_9-2014q4/bin/../lib/gcc/arm-none-eabi/4.9.3/../../../../arm-none-eabi/lib/armv7e-m/fpu/libm.a(lib_a-s_fabs.o)
 .debug_frame   0x00002858       0x20 /l/arm2/gcc-arm-none-eabi-4_9-2014q4/bin/../lib/gcc/arm-none-eabi/4.9.3/../../../../arm-none-eabi/lib/armv7e-m/fpu/libm.a(lib_a-s_finite.o)
 .debug_frame   0x00002878       0x20 /l/arm2/gcc-arm-none-eabi-4_9-2014q4/bin/../lib/gcc/arm-none-eabi/4.9.3/../../../../arm-none-eabi/lib/armv7e-m/fpu/libm.a(lib_a-s_matherr.o)
 .debug_frame   0x00002898       0x20 /l/arm2/gcc-arm-none-eabi-4_9-2014q4/bin/../lib/gcc/arm-none-eabi/4.9.3/../../../../arm-none-eabi/lib/armv7e-m/fpu/libm.a(lib_a-s_nan.o)
 .debug_frame   0x000028b8       0x3c /l/arm2/gcc-arm-none-eabi-4_9-2014q4/bin/../lib/gcc/arm-none-eabi/4.9.3/../../../../arm-none-eabi/lib/armv7e-m/fpu/libm.a(lib_a-s_rint.o)
 .debug_frame   0x000028f4       0x2c /l/arm2/gcc-arm-none-eabi-4_9-2014q4/bin/../lib/gcc/arm-none-eabi/4.9.3/../../../../arm-none-eabi/lib/armv7e-m/fpu/libm.a(lib_a-s_scalbn.o)
 .debug_frame   0x00002920       0x54 /l/arm2/gcc-arm-none-eabi-4_9-2014q4/bin/../lib/gcc/arm-none-eabi/4.9.3/../../../../arm-none-eabi/lib/armv7e-m/fpu/libm.a(lib_a-e_log.o)
 .debug_frame   0x00002974       0x20 /l/arm2/gcc-arm-none-eabi-4_9-2014q4/bin/../lib/gcc/arm-none-eabi/4.9.3/../../../../arm-none-eabi/lib/armv7e-m/fpu/libm.a(lib_a-s_copysign.o)
 .debug_frame   0x00002994       0x20 /l/arm2/gcc-arm-none-eabi-4_9-2014q4/bin/../lib/gcc/arm-none-eabi/4.9.3/../../../../arm-none-eabi/lib/armv7e-m/fpu/libg.a(lib_a-errno.o)
 .debug_frame   0x000029b4       0x2c /l/arm2/gcc-arm-none-eabi-4_9-2014q4/bin/../lib/gcc/arm-none-eabi/4.9.3/../../../../arm-none-eabi/lib/armv7e-m/fpu/libg.a(lib_a-strcasecmp.o)
 .debug_frame   0x000029e0       0x34 /l/arm2/gcc-arm-none-eabi-4_9-2014q4/bin/../lib/gcc/arm-none-eabi/4.9.3/../../../../arm-none-eabi/lib/armv7e-m/fpu/libg.a(lib_a-strpbrk.o)
 .debug_frame   0x00002a14       0x34 /l/arm2/gcc-arm-none-eabi-4_9-2014q4/bin/../lib/gcc/arm-none-eabi/4.9.3/../../../../arm-none-eabi/lib/armv7e-m/fpu/libg.a(lib_a-strspn.o)

Cross Reference Table

Symbol                                            File
ADCD1                                             build/obj/adc_lld.o
                                                  build/obj/main.o
BusFault_Handler                                  build/obj/vectors.o
DACD1                                             build/obj/dac_driver_lld.o
                                                  build/obj/main.o
DACD2                                             build/obj/dac_driver_lld.o
DebugMon_Handler                                  build/obj/vectors.o
EvaluateNet                                       build/obj/NNet.o
                                                  build/obj/main.o
GPTD1                                             build/obj/gpt_lld.o
                                                  build/obj/main.o
HardFault_Handler                                 build/obj/vectors.o
MemManage_Handler                                 build/obj/vectors.o
NMI_Handler                                       build/obj/vectors.o
PendSV_Handler                                    build/obj/vectors.o
Reset_Handler                                     build/obj/crt0.o
SD1                                               build/obj/serial_lld.o
                                                  build/obj/main.o
SVC_Handler                                       build/obj/chcore_v7m.o
                                                  build/obj/vectors.o
SysTick_Handler                                   build/obj/vectors.o
TestThread                                        build/obj/test.o
USBD1                                             build/obj/usb_lld.o
UsageFault_Handler                                build/obj/vectors.o
Vector100                                         build/obj/vectors.o
Vector104                                         build/obj/vectors.o
Vector108                                         build/obj/vectors.o
Vector10C                                         build/obj/vectors.o
Vector110                                         build/obj/vectors.o
Vector114                                         build/obj/vectors.o
Vector118                                         build/obj/vectors.o
Vector11C                                         build/obj/vectors.o
Vector120                                         build/obj/stm32_dma.o
                                                  build/obj/vectors.o
Vector124                                         build/obj/stm32_dma.o
                                                  build/obj/vectors.o
Vector128                                         build/obj/stm32_dma.o
                                                  build/obj/vectors.o
Vector12C                                         build/obj/stm32_dma.o
                                                  build/obj/vectors.o
Vector130                                         build/obj/stm32_dma.o
                                                  build/obj/vectors.o
Vector134                                         build/obj/vectors.o
Vector138                                         build/obj/vectors.o
Vector13C                                         build/obj/vectors.o
Vector140                                         build/obj/vectors.o
Vector144                                         build/obj/vectors.o
Vector148                                         build/obj/vectors.o
Vector14C                                         build/obj/vectors.o
Vector150                                         build/obj/vectors.o
Vector154                                         build/obj/vectors.o
Vector158                                         build/obj/vectors.o
Vector15C                                         build/obj/vectors.o
Vector160                                         build/obj/vectors.o
Vector164                                         build/obj/vectors.o